:~# logread
Fri Jul 30 04:07:52 2021 kern.info kernel: [    0.000000] Booting Linux on physical CPU 0x0
Fri Jul 30 04:07:52 2021 kern.info kernel: [    0.000000] Initializing cgroup subsys cpuset
Fri Jul 30 04:07:52 2021 kern.info kernel: [    0.000000] Initializing cgroup subsys cpu
Fri Jul 30 04:07:52 2021 kern.info kernel: [    0.000000] Initializing cgroup subsys cpuacct
Fri Jul 30 04:07:52 2021 kern.notice kernel: [    0.000000] Linux version 4.4.60 (runner@dfa4179208bf) (gcc version 5.5.0 (OpenWrt GCC 5.5.0 r16011+59-6fd65c6573) ) #0 SMP PREEMPT Thu Jul 29 08:44:53 2021
Fri Jul 30 04:07:52 2021 kern.info kernel: [    0.000000] CPU: ARMv7 Processor [51af8014] revision 4 (ARMv7), cr=10c0383d
Fri Jul 30 04:07:52 2021 kern.info kernel: [    0.000000] CPU: PIPT / VIPT nonaliasing data cache, VIPT aliasing instruction cache
Fri Jul 30 04:07:52 2021 kern.info kernel: [    0.000000] Machine model: EdgeCore EAP101
Fri Jul 30 04:07:52 2021 kern.warn kernel: [    0.000000] Ignoring memory range 0x40000000 - 0x41000000
Fri Jul 30 04:07:52 2021 kern.debug kernel: [    0.000000] cma: dma_contiguous_reserve(limit ffffffff)
Fri Jul 30 04:07:52 2021 kern.info kernel: [    0.000000] Memory policy: Data cache writealloc
Fri Jul 30 04:07:52 2021 kern.debug kernel: [    0.000000] On node 0 totalpages: 242176
Fri Jul 30 04:07:52 2021 kern.debug kernel: [    0.000000] free_area_init_node: node 0, pgdat 80795600, node_mem_map be71d000
Fri Jul 30 04:07:52 2021 kern.debug kernel: [    0.000000]   Normal zone: 2268 pages used for memmap
Fri Jul 30 04:07:52 2021 kern.debug kernel: [    0.000000]   Normal zone: 0 pages reserved
Fri Jul 30 04:07:52 2021 kern.debug kernel: [    0.000000]   Normal zone: 242176 pages, LIFO batch:31
Fri Jul 30 04:07:52 2021 kern.info kernel: [    0.000000] psci: probing for conduit method from DT.
Fri Jul 30 04:07:52 2021 kern.info kernel: [    0.000000] psci: PSCIv1.0 detected in firmware.
Fri Jul 30 04:07:52 2021 kern.info kernel: [    0.000000] psci: Using standard PSCI v0.2 function IDs
Fri Jul 30 04:07:52 2021 kern.info kernel: [    0.000000] psci: MIGRATE_INFO_TYPE not supported.
Fri Jul 30 04:07:52 2021 kern.info kernel: [    0.000000] PERCPU: Embedded 11 pages/cpu @be6b9000 s14540 r8192 d22324 u45056
Fri Jul 30 04:07:52 2021 kern.debug kernel: [    0.000000] pcpu-alloc: s14540 r8192 d22324 u45056 alloc=11*4096
Fri Jul 30 04:07:52 2021 kern.debug kernel: [    0.000000] pcpu-alloc: [0] 0 [0] 1 [0] 2 [0] 3
Fri Jul 30 04:07:52 2021 kern.info kernel: [    0.000000] Built 1 zonelists in Zone order, mobility grouping on.  Total pages: 239908
Fri Jul 30 04:07:52 2021 kern.notice kernel: [    0.000000] Kernel command line: ubi.mtd=rootfs1 root=mtd:ubi_rootfs rootfstype=squashfs console=ttyMSM0,115200,n8 swiotlb=1 coherent_pool=2M
Fri Jul 30 04:07:52 2021 kern.info kernel: [    0.000000] PID hash table entries: 4096 (order: 2, 16384 bytes)
Fri Jul 30 04:07:52 2021 kern.info kernel: [    0.000000] Dentry cache hash table entries: 131072 (order: 7, 524288 bytes)
Fri Jul 30 04:07:52 2021 kern.info kernel: [    0.000000] Inode-cache hash table entries: 65536 (order: 6, 262144 bytes)
Fri Jul 30 04:07:52 2021 kern.info kernel: [    0.000000] Memory: 950512K/968704K available (5329K kernel code, 295K rwdata, 2148K rodata, 232K init, 346K bss, 18192K reserved, 0K cma-reserved, 0K highmem)
Fri Jul 30 04:07:52 2021 kern.notice kernel: [    0.000000] Virtual kernel memory layout:
Fri Jul 30 04:07:52 2021 kern.notice kernel: [    0.000000]     vector  : 0xffff0000 - 0xffff1000   (   4 kB)
Fri Jul 30 04:07:52 2021 kern.notice kernel: [    0.000000]     fixmap  : 0xffc00000 - 0xfff00000   (3072 kB)
Fri Jul 30 04:07:52 2021 kern.notice kernel: [    0.000000]     vmalloc : 0xbf800000 - 0xff800000   (1024 MB)
Fri Jul 30 04:07:52 2021 kern.notice kernel: [    0.000000]     lowmem  : 0x80000000 - 0xbf000000   (1008 MB)
Fri Jul 30 04:07:52 2021 kern.notice kernel: [    0.000000]     pkmap   : 0x7fe00000 - 0x80000000   (   2 MB)
Fri Jul 30 04:07:52 2021 kern.notice kernel: [    0.000000]     modules : 0x7f000000 - 0x7fe00000   (  14 MB)
Fri Jul 30 04:07:52 2021 kern.notice kernel: [    0.000000]       .text : 0x80008000 - 0x80755940   (7479 kB)
Fri Jul 30 04:07:52 2021 kern.notice kernel: [    0.000000]       .init : 0x80756000 - 0x80790000   ( 232 kB)
Fri Jul 30 04:07:52 2021 kern.notice kernel: [    0.000000]       .data : 0x80790000 - 0x807d9e98   ( 296 kB)
Fri Jul 30 04:07:52 2021 kern.notice kernel: [    0.000000]        .bss : 0x807dc000 - 0x80832bbc   ( 347 kB)
Fri Jul 30 04:07:52 2021 kern.info kernel: [    0.000000] SLUB: HWalign=64, Order=0-3, MinObjects=0, CPUs=4, Nodes=1
Fri Jul 30 04:07:52 2021 kern.info kernel: [    0.000000] Preemptible hierarchical RCU implementation.
Fri Jul 30 04:07:52 2021 kern.info kernel: [    0.000000] 	Build-time adjustment of leaf fanout to 32.
Fri Jul 30 04:07:52 2021 kern.info kernel: [    0.000000] NR_IRQS:16 nr_irqs:16 16
Fri Jul 30 04:07:52 2021 kern.info kernel: [    0.000000] Architected cp15 timer(s) running at 24.00MHz (virt).
Fri Jul 30 04:07:52 2021 kern.info kernel: [    0.000000] clocksource: arch_sys_counter: mask: 0xffffffffffffff max_cycles: 0x588fe9dc0, max_idle_ns: 440795202592 ns
Fri Jul 30 04:07:52 2021 kern.info kernel: [    0.000005] sched_clock: 56 bits at 24MHz, resolution 41ns, wraps every 4398046511097ns
Fri Jul 30 04:07:52 2021 kern.info kernel: [    0.000015] Switching to timer-based delay loop, resolution 41ns
Fri Jul 30 04:07:52 2021 kern.info kernel: [    0.000447] Calibrating delay loop (skipped), value calculated using timer frequency.. 48.00 BogoMIPS (lpj=240000)
Fri Jul 30 04:07:52 2021 kern.info kernel: [    0.000459] pid_max: default: 32768 minimum: 301
Fri Jul 30 04:07:52 2021 kern.info kernel: [    0.000547] Mount-cache hash table entries: 2048 (order: 1, 8192 bytes)
Fri Jul 30 04:07:52 2021 kern.info kernel: [    0.000556] Mountpoint-cache hash table entries: 2048 (order: 1, 8192 bytes)
Fri Jul 30 04:07:52 2021 kern.info kernel: [    0.001056] Initializing cgroup subsys io
Fri Jul 30 04:07:52 2021 kern.info kernel: [    0.001071] Initializing cgroup subsys memory
Fri Jul 30 04:07:52 2021 kern.info kernel: [    0.001093] Initializing cgroup subsys pids
Fri Jul 30 04:07:52 2021 kern.info kernel: [    0.001113] CPU: Testing write buffer coherency: ok
Fri Jul 30 04:07:52 2021 kern.info kernel: [    0.001473] CPU0: thread -1, cpu 0, socket 0, mpidr 80000000
Fri Jul 30 04:07:52 2021 kern.info kernel: [    0.001515] Setting up static identity map for 0x41008280 - 0x410082d8
Fri Jul 30 04:07:52 2021 kern.info kernel: [    0.080206] CPU1: thread -1, cpu 1, socket 0, mpidr 80000001
Fri Jul 30 04:07:52 2021 kern.info kernel: [    0.110196] CPU2: thread -1, cpu 2, socket 0, mpidr 80000002
Fri Jul 30 04:07:52 2021 kern.info kernel: [    0.140229] CPU3: thread -1, cpu 3, socket 0, mpidr 80000003
Fri Jul 30 04:07:52 2021 kern.info kernel: [    0.140274] Brought up 4 CPUs
Fri Jul 30 04:07:52 2021 kern.info kernel: [    0.140294] SMP: Total of 4 processors activated (192.00 BogoMIPS).
Fri Jul 30 04:07:52 2021 kern.info kernel: [    0.140300] CPU: All CPU(s) started in SVC mode.
Fri Jul 30 04:07:52 2021 kern.info kernel: [    0.159209] VFP support v0.3: implementor 51 architecture 3 part 40 variant 3 rev 4
Fri Jul 30 04:07:52 2021 kern.info kernel: [    0.159518] clocksource: jiffies: mask: 0xffffffff max_cycles: 0xffffffff, max_idle_ns: 19112604462750000 ns
Fri Jul 30 04:07:52 2021 kern.info kernel: [    0.159539] futex hash table entries: 1024 (order: 4, 65536 bytes)
Fri Jul 30 04:07:52 2021 kern.info kernel: [    0.159747] pinctrl core: initialized pinctrl subsystem
Fri Jul 30 04:07:52 2021 kern.info kernel: [    0.160734] NET: Registered protocol family 16
Fri Jul 30 04:07:52 2021 kern.info kernel: [    0.161755] DMA: preallocated 2048 KiB pool for atomic coherent allocations
Fri Jul 30 04:07:52 2021 kern.info kernel: [    0.190054] cpuidle: using governor ladder
Fri Jul 30 04:07:52 2021 kern.info kernel: [    0.220072] cpuidle: using governor menu
Fri Jul 30 04:07:52 2021 kern.info kernel: [    0.220296] NET: Registered protocol family 42
Fri Jul 30 04:07:52 2021 kern.warn kernel: [    0.235739] irq: no irq domain found for /soc/smp2p-wcss/slave-kernel !
Fri Jul 30 04:07:52 2021 kern.warn kernel: [    0.238643] irq: no irq domain found for /soc/smp2p-wcss/slave-kernel !
Fri Jul 30 04:07:52 2021 kern.info kernel: [    0.249165] CPU: IPQ6018, SoC Version: 1.0
Fri Jul 30 04:07:52 2021 kern.info kernel: [    0.249833] qcom,cpr4-apss-regulator b018000.cpr4-ctrl: CPR valid fuse count: 4
Fri Jul 30 04:07:52 2021 kern.err kernel: [    0.251211] IPC logging disabled
Fri Jul 30 04:07:52 2021 kern.err kernel: [    0.251217] IPC logging disabled
Fri Jul 30 04:07:52 2021 kern.err kernel: [    0.251222] IPC logging disabled
Fri Jul 30 04:07:52 2021 kern.err kernel: [    0.251227] IPC logging disabled
Fri Jul 30 04:07:52 2021 kern.err kernel: [    0.251231] IPC logging disabled
Fri Jul 30 04:07:52 2021 kern.info kernel: [    0.251431] sps:sps is ready.
Fri Jul 30 04:07:52 2021 kern.warn kernel: [    0.280974] socinfo_select_format: Unsupported format v0.13. Falling back to v0.12.
Fri Jul 30 04:07:52 2021 kern.info kernel: [    0.280996] socinfo_print: v0.12, id=402, ver=1.0, raw_id=314, raw_ver=0, hw_plat=8, hw_plat_ver=196608
Fri Jul 30 04:07:52 2021 kern.info kernel: [    0.280996]  accessory_chip=0, hw_plat_subtype=0, pmic_model=0, pmic_die_revision=0 foundry_id=2 serial_number=1805161446 num_pmics=0 chip_family=0x0 raw_device_family=0x2 raw_device_number=0x17
Fri Jul 30 04:07:52 2021 kern.info kernel: [    0.281808] pps_core: LinuxPPS API ver. 1 registered
Fri Jul 30 04:07:52 2021 kern.info kernel: [    0.281815] pps_core: Software ver. 5.3.6 - Copyright 2005-2007 Rodolfo Giometti <giometti@linux.it>
Fri Jul 30 04:07:52 2021 kern.info kernel: [    0.281842] PTP clock support registered
Fri Jul 30 04:07:52 2021 kern.info kernel: [    0.283779] rpmsg_dev_probe: No pm domain
Fri Jul 30 04:07:52 2021 kern.info kernel: [    0.285336] clocksource: Switched to clocksource arch_sys_counter
Fri Jul 30 04:07:52 2021 kern.info kernel: [    0.288115] NET: Registered protocol family 2
Fri Jul 30 04:07:52 2021 kern.info kernel: [    0.288552] TCP established hash table entries: 8192 (order: 3, 32768 bytes)
Fri Jul 30 04:07:52 2021 kern.info kernel: [    0.288637] TCP bind hash table entries: 8192 (order: 4, 65536 bytes)
Fri Jul 30 04:07:52 2021 kern.info kernel: [    0.288778] TCP: Hash tables configured (established 8192 bind 8192)
Fri Jul 30 04:07:52 2021 kern.info kernel: [    0.288827] UDP hash table entries: 512 (order: 2, 16384 bytes)
Fri Jul 30 04:07:52 2021 kern.info kernel: [    0.288860] UDP-Lite hash table entries: 512 (order: 2, 16384 bytes)
Fri Jul 30 04:07:52 2021 kern.info kernel: [    0.289017] NET: Registered protocol family 1
Fri Jul 30 04:07:52 2021 kern.debug kernel: [    0.289055] PCI: CLS 0 bytes, default 64
Fri Jul 30 04:07:52 2021 kern.info kernel: [    0.297223] squashfs: version 4.0 (2009/01/31) Phillip Lougher
Fri Jul 30 04:07:52 2021 kern.info kernel: [    0.297237] jffs2: version 2.2 (NAND) (SUMMARY) (LZMA) (RTIME) (CMODE_PRIORITY) (c) 2001-2006 Red Hat, Inc.
Fri Jul 30 04:07:52 2021 kern.notice kernel: [    0.300978] Key type asymmetric registered
Fri Jul 30 04:07:52 2021 kern.notice kernel: [    0.300991] Asymmetric key parser 'x509' registered
Fri Jul 30 04:07:52 2021 kern.info kernel: [    0.301096] io scheduler noop registered
Fri Jul 30 04:07:52 2021 kern.info kernel: [    0.301108] io scheduler deadline registered (default)
Fri Jul 30 04:07:52 2021 kern.notice kernel: [    0.308750] msm_rpm_log_probe: OK
Fri Jul 30 04:07:52 2021 kern.info kernel: [    0.308909] msm-dcc b3000.dcc: DCC XPU is not specified
Fri Jul 30 04:07:52 2021 kern.err kernel: [    0.309125] msm-dcc b3000.dcc: DCC REG dump setup failed
Fri Jul 30 04:07:52 2021 kern.err kernel: [    0.309137] msm-dcc b3000.dcc: DCC SRAM dump setup failed
Fri Jul 30 04:07:52 2021 kern.info kernel: [    0.309161] msm-dcc b3000.dcc: jiffies_64: 0xffff8aee, cntvct_64: 0xa96a487
Fri Jul 30 04:07:52 2021 kern.info kernel: [    0.309172] msm-dcc b3000.dcc: gcnt_hi: 0x00000000(0xbfa2a004)
Fri Jul 30 04:07:52 2021 kern.info kernel: [    0.309183] msm-dcc b3000.dcc: gcnt_lo: 0x0a96a697(0xbfa2a000)
Fri Jul 30 04:07:52 2021 kern.err kernel: [    0.309947] scm_call failed: func id 0x2000120 ret: -1 syscall returns: 0x0, 0x0, 0x0
Fri Jul 30 04:07:52 2021 kern.notice kernel: [    0.309954] TZ SMMU State: Can't detect SMMU State
Fri Jul 30 04:07:52 2021 kern.warn kernel: [    0.310007] TZ Log : Will warn on Access Violation, as paniconaccessviolation is not set
Fri Jul 30 04:07:52 2021 kern.info kernel: [    0.310201] rpmsg_dev_probe: No pm domain
Fri Jul 30 04:07:52 2021 kern.info kernel: [    0.310880] msm_serial 78b0000.serial: msm_serial: detected port #1
Fri Jul 30 04:07:52 2021 kern.info kernel: [    0.310912] msm_serial 78b0000.serial: uartclk = 24000000
Fri Jul 30 04:07:52 2021 kern.info kernel: [    0.310943] 78b0000.serial: ttyMSM1 at MMIO 0x78b0000 (irq = 20, base_baud = 1500000) is a MSM
Fri Jul 30 04:07:52 2021 kern.info kernel: [    0.311247] msm_serial 78b1000.serial: msm_serial: detected port #0
Fri Jul 30 04:07:52 2021 kern.info kernel: [    0.311275] msm_serial 78b1000.serial: uartclk = 1843200
Fri Jul 30 04:07:52 2021 kern.info kernel: [    0.311300] 78b1000.serial: ttyMSM0 at MMIO 0x78b1000 (irq = 21, base_baud = 115200) is a MSM
Fri Jul 30 04:07:52 2021 kern.info kernel: [    0.311316] msm_serial: console setup on port #0
Fri Jul 30 04:07:52 2021 kern.info kernel: [    0.988847] console [ttyMSM0] enabled
Fri Jul 30 04:07:52 2021 kern.info kernel: [    0.993881] msm_serial: driver initialized
Fri Jul 30 04:07:52 2021 kern.info kernel: [    0.997413] msm_serial_hsl_init: driver initialized
Fri Jul 30 04:07:52 2021 kern.info kernel: [    1.010426] brd: module loaded
Fri Jul 30 04:07:52 2021 kern.info kernel: [    1.015841] loop: module loaded
Fri Jul 30 04:07:52 2021 kern.info kernel: [    1.016454] spi_qup 78b5000.spi: IN:block:16, fifo:64, OUT:block:16, fifo:64
Fri Jul 30 04:07:52 2021 kern.warn kernel: [    1.019386] m25p80 spi32766.0: found mx25u25635f, expected n25q128a11
Fri Jul 30 04:07:52 2021 kern.info kernel: [    1.025083] m25p80 spi32766.0: mx25u25635f (32768 Kbytes)
Fri Jul 30 04:07:52 2021 kern.notice kernel: [    1.031547] 19 ofpart partitions found on MTD device spi32766.0
Fri Jul 30 04:07:52 2021 kern.notice kernel: [    1.036840] Creating 19 MTD partitions on "spi32766.0":
Fri Jul 30 04:07:52 2021 kern.notice kernel: [    1.042527] 0x000000000000-0x0000000c0000 : "0:SBL1"
Fri Jul 30 04:07:52 2021 kern.notice kernel: [    1.048557] 0x0000000c0000-0x0000000d0000 : "0:MIBIB"
Fri Jul 30 04:07:52 2021 kern.notice kernel: [    1.053710] 0x0000000d0000-0x0000000f0000 : "0:BOOTCONFIG"
Fri Jul 30 04:07:52 2021 kern.notice kernel: [    1.058693] 0x0000000f0000-0x000000110000 : "0:BOOTCONFIG1"
Fri Jul 30 04:07:52 2021 kern.notice kernel: [    1.064065] 0x000000110000-0x0000002b0000 : "0:QSEE"
Fri Jul 30 04:07:52 2021 kern.notice kernel: [    1.069562] 0x0000002b0000-0x000000450000 : "0:QSEE_1"
Fri Jul 30 04:07:52 2021 kern.notice kernel: [    1.074728] 0x000000450000-0x000000460000 : "0:DEVCFG"
Fri Jul 30 04:07:52 2021 kern.notice kernel: [    1.079613] 0x000000460000-0x000000470000 : "0:DEVCFG_1"
Fri Jul 30 04:07:52 2021 kern.notice kernel: [    1.084742] 0x000000470000-0x0000004b0000 : "0:RPM"
Fri Jul 30 04:07:52 2021 kern.notice kernel: [    1.090240] 0x0000004b0000-0x0000004f0000 : "0:RPM_1"
Fri Jul 30 04:07:52 2021 kern.notice kernel: [    1.094842] 0x0000004f0000-0x000000500000 : "0:CDT"
Fri Jul 30 04:07:52 2021 kern.notice kernel: [    1.100077] 0x000000500000-0x000000510000 : "0:CDT_1"
Fri Jul 30 04:07:52 2021 kern.notice kernel: [    1.104770] 0x000000510000-0x000000520000 : "0:APPSBLENV"
Fri Jul 30 04:07:52 2021 kern.notice kernel: [    1.110006] 0x000000520000-0x0000005c0000 : "0:APPSBL"
Fri Jul 30 04:07:52 2021 kern.notice kernel: [    1.115408] 0x0000005c0000-0x000000660000 : "0:APPSBL_1"
Fri Jul 30 04:07:52 2021 kern.notice kernel: [    1.120309] 0x000000660000-0x0000006a0000 : "0:ART"
Fri Jul 30 04:07:52 2021 kern.notice kernel: [    1.125813] 0x0000006a0000-0x000000720000 : "0:Product_Info"
Fri Jul 30 04:07:52 2021 kern.notice kernel: [    1.130403] 0x000000720000-0x000000730000 : "priv_data1"
Fri Jul 30 04:07:52 2021 kern.notice kernel: [    1.136342] 0x000000730000-0x000000740000 : "priv_data2"
Fri Jul 30 04:07:52 2021 kern.info kernel: [    1.142476] QPIC controller hw version Major:1, Minor:5
Fri Jul 30 04:07:52 2021 kern.info kernel: [    1.146501] nand: device found, Manufacturer ID: 0x2c, Chip ID: 0xaa
Fri Jul 30 04:07:52 2021 kern.info kernel: [    1.151120] nand: ONFI 10-Compliant Micron MT29F2G08ABBGAH4
Fri Jul 30 04:07:52 2021 kern.info kernel: [    1.157733] nand: 256 MiB, SLC, erase size: 128 KiB, page size: 2048, OOB size: 128
Fri Jul 30 04:07:52 2021 kern.notice kernel: [    1.163040] 2 ofpart partitions found on MTD device qcom_nand.0
Fri Jul 30 04:07:52 2021 kern.notice kernel: [    1.170663] Creating 2 MTD partitions on "qcom_nand.0":
Fri Jul 30 04:07:52 2021 kern.notice kernel: [    1.176564] 0x000000000000-0x000003c00000 : "rootfs1"
Fri Jul 30 04:07:52 2021 kern.notice kernel: [    1.233407] 0x000003c00000-0x000007800000 : "rootfs2"
Fri Jul 30 04:07:52 2021 kern.info kernel: [    1.285360] libphy: Fixed MDIO Bus: probed
Fri Jul 30 04:07:52 2021 kern.info kernel: [    1.726152] qca-mdio 90000.mdio: Could not find phy-reset-gpio
Fri Jul 30 04:07:52 2021 kern.info kernel: [    1.726288] libphy: qca_mdio: probed
Fri Jul 30 04:07:52 2021 kern.info kernel: [    1.731685] qca-mdio 90000.mdio: qca-mdio driver was registered
Fri Jul 30 04:07:52 2021 kern.info kernel: [    1.734729] i2c /dev entries driver
Fri Jul 30 04:07:52 2021 kern.info kernel: [    1.765953] sdhci: Secure Digital Host Controller Interface driver
Fri Jul 30 04:07:52 2021 kern.info kernel: [    1.765979] sdhci: Copyright(c) Pierre Ossman
Fri Jul 30 04:07:52 2021 kern.info kernel: [    1.771020] sdhci-pltfm: SDHCI platform and OF driver helper
Fri Jul 30 04:07:52 2021 kern.info kernel: [    1.777176]
Fri Jul 30 04:07:52 2021 kern.info kernel: [    1.777176] Version Rollback Feature Disabled
Fri Jul 30 04:07:52 2021 kern.info kernel: [    1.783137] remoteproc remoteproc0: cd00000.qcom_q6v5_wcss is available
Fri Jul 30 04:07:52 2021 kern.err kernel: [    1.787811] of_graph_get_next_endpoint(): no port node found in /soc/csr@6001000
Fri Jul 30 04:07:52 2021 kern.info kernel: [    1.793418] coresight-csr 6001000.csr: CSR initialized
Fri Jul 30 04:07:52 2021 kern.err kernel: [    1.801143] of_graph_get_next_endpoint(): no port node found in /soc/cti@6010000
Fri Jul 30 04:07:52 2021 kern.err kernel: [    1.806104] of_graph_get_next_endpoint(): no port node found in /soc/cti@6011000
Fri Jul 30 04:07:52 2021 kern.err kernel: [    1.813637] of_graph_get_next_endpoint(): no port node found in /soc/cti@6012000
Fri Jul 30 04:07:52 2021 kern.err kernel: [    1.821032] of_graph_get_next_endpoint(): no port node found in /soc/cti@6013000
Fri Jul 30 04:07:52 2021 kern.err kernel: [    1.828411] of_graph_get_next_endpoint(): no port node found in /soc/cti@6014000
Fri Jul 30 04:07:52 2021 kern.err kernel: [    1.835785] of_graph_get_next_endpoint(): no port node found in /soc/cti@6015000
Fri Jul 30 04:07:52 2021 kern.err kernel: [    1.843157] of_graph_get_next_endpoint(): no port node found in /soc/cti@6016000
Fri Jul 30 04:07:52 2021 kern.err kernel: [    1.850544] of_graph_get_next_endpoint(): no port node found in /soc/cti@6017000
Fri Jul 30 04:07:52 2021 kern.err kernel: [    1.857932] of_graph_get_next_endpoint(): no port node found in /soc/cti@6018000
Fri Jul 30 04:07:52 2021 kern.err kernel: [    1.865288] of_graph_get_next_endpoint(): no port node found in /soc/cti@6019000
Fri Jul 30 04:07:52 2021 kern.err kernel: [    1.872688] of_graph_get_next_endpoint(): no port node found in /soc/cti@601a000
Fri Jul 30 04:07:52 2021 kern.err kernel: [    1.880072] of_graph_get_next_endpoint(): no port node found in /soc/cti@601b000
Fri Jul 30 04:07:52 2021 kern.err kernel: [    1.887449] of_graph_get_next_endpoint(): no port node found in /soc/cti@601c000
Fri Jul 30 04:07:52 2021 kern.err kernel: [    1.894810] of_graph_get_next_endpoint(): no port node found in /soc/cti@601d000
Fri Jul 30 04:07:52 2021 kern.err kernel: [    1.902203] of_graph_get_next_endpoint(): no port node found in /soc/cti@601e000
Fri Jul 30 04:07:52 2021 kern.err kernel: [    1.909585] of_graph_get_next_endpoint(): no port node found in /soc/cti@601f000
Fri Jul 30 04:07:52 2021 kern.err kernel: [    1.916961] of_graph_get_next_endpoint(): no port node found in /soc/cti@6198000
Fri Jul 30 04:07:52 2021 kern.err kernel: [    1.924435] of_graph_get_next_endpoint(): no port node found in /soc/cti@6199000
Fri Jul 30 04:07:52 2021 kern.err kernel: [    1.931826] of_graph_get_next_endpoint(): no port node found in /soc/cti@619a000
Fri Jul 30 04:07:52 2021 kern.err kernel: [    1.939250] of_graph_get_next_endpoint(): no port node found in /soc/cti@619b000
Fri Jul 30 04:07:52 2021 kern.err kernel: [    1.946655] of_graph_get_next_endpoint(): no port node found in /soc/cti@610c000
Fri Jul 30 04:07:52 2021 kern.err kernel: [    1.953994] sps_register_bam_device : unable to create IPC Logging 0 for bam 0x06064000
Fri Jul 30 04:07:52 2021 kern.err kernel: [    1.961060] sps_register_bam_device : unable to create IPC Logging 1 for bam 0x06064000sps_register_bam_device : unable to create IPC Logging 2 for bam 0x06064000
Fri Jul 30 04:07:52 2021 kern.err kernel: [    1.976764] sps_register_bam_device : unable to create IPC Logging 3 for bam 0x06064000sps_register_bam_device : unable to create IPC Logging 4 for bam 0x06064000
Fri Jul 30 04:07:52 2021 kern.info kernel: [    1.991260] sps:BAM 0x06064000 is registered.<3>[    1.997934] coresight-tmc 6048000.tmc: TMC REG dump setup failed. ret: -38
Fri Jul 30 04:07:52 2021 kern.info kernel: [    2.002262] coresight-tmc 6048000.tmc: TMC initialized
Fri Jul 30 04:07:52 2021 kern.err kernel: [    2.009026] coresight-tmc 6047000.tmc: TMC ETF-ETB dump setup failed. ret: -38
Fri Jul 30 04:07:52 2021 kern.err kernel: [    2.014000] coresight-tmc 6047000.tmc: TMC REG dump setup failed. ret: -38
Fri Jul 30 04:07:52 2021 kern.info kernel: [    2.021470] coresight-tmc 6047000.tmc: TMC initialized
Fri Jul 30 04:07:52 2021 kern.info kernel: [    2.028425] coresight-funnel 6041000.funnel: FUNNEL initialized
Fri Jul 30 04:07:52 2021 kern.info kernel: [    2.033418] coresight-funnel 6100000.funnel: FUNNEL initialized
Fri Jul 30 04:07:52 2021 kern.info kernel: [    2.039242] coresight-funnel 6130000.funnel: FUNNEL initialized
Fri Jul 30 04:07:52 2021 kern.info kernel: [    2.045131] coresight-funnel 6120000.funnel: FUNNEL initialized
Fri Jul 30 04:07:52 2021 kern.info kernel: [    2.051099] coresight-funnel 61a1000.funnel: FUNNEL initialized
Fri Jul 30 04:07:52 2021 kern.err kernel: [    2.057210] coresight-etm4x 619c000.etm: ETM REG dump setup failed. ret -38
Fri Jul 30 04:07:52 2021 kern.info kernel: [    2.063039] coresight-etm4x 619c000.etm: ETM 4.0 initialized
Fri Jul 30 04:07:52 2021 kern.err kernel: [    2.069790] coresight-etm4x 619d000.etm: ETM REG dump setup failed. ret -38
Fri Jul 30 04:07:52 2021 kern.info kernel: [    2.075844] coresight-etm4x 619d000.etm: ETM 4.0 initialized
Fri Jul 30 04:07:52 2021 kern.err kernel: [    2.082395] coresight-etm4x 619e000.etm: ETM REG dump setup failed. ret -38
Fri Jul 30 04:07:52 2021 kern.info kernel: [    2.088440] coresight-etm4x 619e000.etm: ETM 4.0 initialized
Fri Jul 30 04:07:52 2021 kern.err kernel: [    2.095022] coresight-etm4x 619f000.etm: ETM REG dump setup failed. ret -38
Fri Jul 30 04:07:52 2021 kern.info kernel: [    2.101031] coresight-etm4x 619f000.etm: ETM 4.0 initialized
Fri Jul 30 04:07:52 2021 kern.info kernel: [    2.107586] coresight-replicator-qcom 6046000.replicator: REPLICATOR 1.0 initialized
Fri Jul 30 04:07:52 2021 kern.info kernel: [    2.113579] coresight-stm 6002000.stm: STM initialized
Fri Jul 30 04:07:52 2021 kern.err kernel: [    2.122212] of_graph_get_next_endpoint(): no port node found in /soc/hwevent@6101000
Fri Jul 30 04:07:52 2021 kern.info kernel: [    2.126014] coresight-hwevent 6101000.hwevent: Hardware Event driver initialized
Fri Jul 30 04:07:52 2021 kern.info kernel: [    2.134925] NET: Registered protocol family 10
Fri Jul 30 04:07:52 2021 kern.info kernel: [    2.141887] NET: Registered protocol family 17
Fri Jul 30 04:07:52 2021 kern.info kernel: [    2.145464] bridge: automatic filtering via arp/ip/ip6tables has been deprecated. Update your scripts to load br_netfilter if you need this.
Fri Jul 30 04:07:52 2021 kern.info kernel: [    2.149860] 8021q: 802.1Q VLAN Support v1.8
Fri Jul 30 04:07:52 2021 kern.notice kernel: [    2.162808] Registering SWP/SWPB emulation handler
Fri Jul 30 04:07:52 2021 kern.info kernel: [    2.167836] qcom,cpr4-apss-regulator b018000.cpr4-ctrl: CPR valid fuse count: 4
Fri Jul 30 04:07:52 2021 kern.info kernel: [    2.172803] qcom,cpr4-apss-regulator b018000.cpr4-ctrl: CPR valid fuse count: 4
Fri Jul 30 04:07:52 2021 kern.info kernel: [    2.178772] cpr4_ipq807x_apss_read_fuse_data: apc_corner: speed bin = 0
Fri Jul 30 04:07:52 2021 kern.info kernel: [    2.185901] cpr4_ipq807x_apss_read_fuse_data: apc_corner: CPR fusing revision = 2
Fri Jul 30 04:07:52 2021 kern.info kernel: [    2.192466] cpr4_ipq807x_apss_read_fuse_data: apc_corner: CPR misc fuse value = 0
Fri Jul 30 04:07:52 2021 kern.info kernel: [    2.200156] cpr4_ipq807x_apss_read_fuse_data: apc_corner: Voltage boost fuse config = 0 boost = disable
Fri Jul 30 04:07:52 2021 kern.info kernel: [    2.207658] cpr3_mem_acc_init: apc: not using memory accelerator regulator
Fri Jul 30 04:07:52 2021 kern.info kernel: [    2.216784] cpr4_ipq807x_apss_calculate_open_loop_voltages: apc_corner: fused      SVS: open-loop= 675000 uV
Fri Jul 30 04:07:52 2021 kern.info kernel: [    2.223721] cpr4_ipq807x_apss_calculate_open_loop_voltages: apc_corner: fused      NOM: open-loop= 787500 uV
Fri Jul 30 04:07:52 2021 kern.info kernel: [    2.233714] cpr4_ipq807x_apss_calculate_open_loop_voltages: apc_corner: fused    TURBO: open-loop= 850000 uV
Fri Jul 30 04:07:52 2021 kern.info kernel: [    2.243523] cpr4_ipq807x_apss_calculate_open_loop_voltages: apc_corner: fused   STURBO: open-loop= 912500 uV
Fri Jul 30 04:07:52 2021 kern.info kernel: [    2.253371] cpr4_ipq807x_apss_calculate_target_quotients: apc_corner: fused      SVS: quot[ 7]= 557, quot_offset[ 7]=   0
Fri Jul 30 04:07:52 2021 kern.info kernel: [    2.263145] cpr4_ipq807x_apss_calculate_target_quotients: apc_corner: fused      NOM: quot[ 7]= 747, quot_offset[ 7]= 190
Fri Jul 30 04:07:52 2021 kern.info kernel: [    2.273995] cpr4_ipq807x_apss_calculate_target_quotients: apc_corner: fused    TURBO: quot[ 7]= 845, quot_offset[ 7]=  95
Fri Jul 30 04:07:52 2021 kern.info kernel: [    2.284933] cpr4_ipq807x_apss_calculate_target_quotients: apc_corner: fused   STURBO: quot[ 7]= 933, quot_offset[ 7]=  85
Fri Jul 30 04:07:52 2021 kern.info kernel: [    2.296146] cpr3_regulator_init_ctrl: apc: Default CPR mode = closed-loop
Fri Jul 30 04:07:52 2021 kern.warn kernel: [    2.308412] cpufreq: cpufreq_online: CPU0: Running at unlisted freq: 799999 KHz
Fri Jul 30 04:07:52 2021 kern.warn kernel: [    2.314232] cpufreq: cpufreq_online: CPU0: Unlisted initial frequency changed to: 864000 KHz
Fri Jul 30 04:07:52 2021 kern.notice kernel: [    2.322083] ubi0: attaching mtd19
Fri Jul 30 04:07:52 2021 kern.notice kernel: [    2.609465] ubi0: scanning is finished
Fri Jul 30 04:07:52 2021 kern.notice kernel: [    2.615593] ubi0: attached mtd19 (name "rootfs1", size 60 MiB)
Fri Jul 30 04:07:52 2021 kern.notice kernel: [    2.615611] ubi0: PEB size: 131072 bytes (128 KiB), LEB size: 126976 bytes
Fri Jul 30 04:07:52 2021 kern.notice kernel: [    2.620305] ubi0: min./max. I/O unit sizes: 2048/2048, sub-page size 2048
Fri Jul 30 04:07:52 2021 kern.notice kernel: [    2.627175] ubi0: VID header offset: 2048 (aligned 2048), data offset: 4096
Fri Jul 30 04:07:52 2021 kern.notice kernel: [    2.634021] ubi0: good PEBs: 480, bad PEBs: 0, corrupted PEBs: 0
Fri Jul 30 04:07:52 2021 kern.notice kernel: [    2.640797] ubi0: user volume: 4, internal volumes: 1, max. volumes count: 128
Fri Jul 30 04:07:52 2021 kern.notice kernel: [    2.647049] ubi0: max/mean erase counter: 5/2, WL threshold: 4096, image sequence number: 1197662116
Fri Jul 30 04:07:52 2021 kern.notice kernel: [    2.654077] ubi0: available PEBs: 0, total reserved PEBs: 480, PEBs reserved for bad PEB handling: 40
Fri Jul 30 04:07:52 2021 kern.notice kernel: [    2.663374] ubi0: background thread "ubi_bgt0d" started, PID 117
Fri Jul 30 04:07:52 2021 kern.info kernel: [    2.693877] hctosys: unable to open rtc device (rtc0)
Fri Jul 30 04:07:52 2021 kern.info kernel: [    2.701071] VFS: Mounted root (squashfs filesystem) readonly on device 31:22.
Fri Jul 30 04:07:52 2021 kern.info kernel: [    2.701225] Freeing unused kernel memory: 232K (80756000 - 80790000)
Fri Jul 30 04:07:52 2021 kern.notice kernel: [    2.737738] random: nonblocking pool is initialized
Fri Jul 30 04:07:52 2021 user.info kernel: [    3.530594] init: Console is alive
Fri Jul 30 04:07:52 2021 user.info kernel: [    3.530672] init: - watchdog -
Fri Jul 30 04:07:52 2021 user.info kernel: [    3.537726] kmodloader: loading kernel modules from /etc/modules-boot.d/*
Fri Jul 30 04:07:52 2021 kern.info kernel: [    3.561135] usbcore: registered new interface driver usbfs
Fri Jul 30 04:07:52 2021 kern.info kernel: [    3.561185] usbcore: registered new interface driver hub
Fri Jul 30 04:07:52 2021 kern.info kernel: [    3.565580] usbcore: registered new device driver usb
Fri Jul 30 04:07:52 2021 user.info kernel: [    3.574778] 
 modules from /etc/modules-boot.d/*
Fri Jul 30 04:07:52 2021 user.info kernel: [    3.583498] init: - preinit -
Fri Jul 30 04:07:52 2021 kern.notice kernel: [    5.765000] UBIFS (ubi0:2): background thread "ubifs_bgt0_2" started, PID 176
Fri Jul 30 04:07:52 2021 kern.notice kernel: [    5.798001] UBIFS (ubi0:2): recovery needed
Fri Jul 30 04:07:52 2021 kern.notice kernel: [    5.868221] UBIFS (ubi0:2): recovery completed
Fri Jul 30 04:07:52 2021 kern.notice kernel: [    5.868277] UBIFS (ubi0:2): UBIFS: mounted UBI device 0, volume 2, name "rootfs_data"
Fri Jul 30 04:07:52 2021 kern.notice kernel: [    5.871560] UBIFS (ubi0:2): LEB size: 126976 bytes (124 KiB), min./max. I/O unit sizes: 2048 bytes/2048 bytes
Fri Jul 30 04:07:52 2021 kern.notice kernel: [    5.879488] UBIFS (ubi0:2): FS size: 34283520 bytes (32 MiB, 270 LEBs), journal size 
 1777664 bytes (1 MiB, 14 LEBs)
Fri Jul 30 04:07:52 2021 kern.notice kernel: [    5.889364] UBIFS (ubi0:2): reserved for root: 1619295 bytes (1581 KiB)
Fri Jul 30 04:07:52 2021 kern.notice kernel: [    5.899592] UBIFS (ubi0:2): media format: w4/r0 (latest is w4/r0), UUID 09E53372-E923-4836-A3CC-07F4DD7FE0EC, small LPT model
Fri Jul 30 04:07:52 2021 user.info kernel: [    5.910101] mount_root: switching to ubifs overlay
Fri Jul 30 04:07:52 2021 user.warn kernel: [    5.926564] urandom-seed: Seeding with /etc/urandom.seed
Fri Jul 30 04:07:52 2021 user.info kernel: [    5.976191] procd: - early -
Fri Jul 30 04:07:52 2021 user.info kernel: [    5.976231] procd: - watchdog -
Fri Jul 30 04:07:52 2021 user.info kernel: [    6.596783] procd: - watchdog -
Fri Jul 30 04:07:52 2021 user.info kernel: [    6.605658] procd: - ubus -
Fri Jul 30 04:07:52 2021 user.info kernel: [    6.656940] procd: - init -
Fri Jul 30 04:07:52 2021 user.info kernel: [    6.913091] kmodloader: loading kernel modules from /etc/modules.d/*
Fri Jul 30 04:07:52 2021 user.info kernel: [    6.931341] urngd: v1.0.2 started.
Fri Jul 30 04:07:52 2021 kern.warn kernel: [    7.128087] ssdk_switch_device_num_init[1159]:INFO:ess-switch dts node number: 1
Fri Jul 30 04:07:52 2021 kern.warn kernel: [    7.128145] ssdk_dt_get_switch_node[970]:INFO:ess-switch DT exist!
Fri Jul 30 04:07:52 2021 kern.warn kernel: [    7.134543] ssdk_dt_parse_access_mode[856]:INFO:switch_access_mode: local bus
Fri Jul 30 04:07:52 2021 kern.warn kernel: [    7.140564] ssdk_dt_parse_access_mode[869]:INFO:switchreg_base_addr: 0x3a000000
Fri Jul 30 04:07:52 2021 kern.warn kernel: [    7.147749] ssdk_dt_parse_access_mode[870]:INFO:switchreg_size: 0x1000000
Fri Jul 30 04:07:52 2021 kern.warn kernel: [    7.154855] ssdk_dt_parse_mac_mode[295]:INFO:mac mode = 0x0
Fri Jul 30 04:07:52 2021 kern.warn kernel: [    7.161803] ssdk_dt_parse_mac_mode[304]:INFO:mac mode1 = 0xf
Fri Jul 30 04:07:52 2021 kern.warn kernel: [    7.167195] ssdk_dt_parse_mac_mode[313]:INFO:mac mode2 = 0xff
Fri Jul 30 04:07:52 2021 kern.warn kernel: [    7.173092] ssdk_dt_parse_phy_info[659]:INFO:[PORT 5] port_mac_sel = QGMAC_PORT
Fri Jul 30 04:07:52 2021 kern.warn kernel: [    7.178747] ssdk_dt_parse_uniphy[332]:INFO:ess-uniphy DT exist!
Fri Jul 30 04:07:52 2021 kern.warn kernel: [    7.185929] ssdk_dt_parse_intf_mac[801]:INFO:dp1 MAC 90:3c:b3:6a:e2:23
Fri Jul 30 04:07:52 2021 kern.warn kernel: [    7.191762] ssdk_dt_parse_intf_mac[801]:INFO:dp2 MAC 90:3c:b3:6a:e2:24
Fri Jul 30 04:07:52 2021 kern.warn kernel: [    7.198430] ssdk_plat_init start
Fri Jul 30 04:07:52 2021 kern.warn kernel: [    7.286183] ssdk_gcc_clock_init[963]:INFO:SSDK gcc clock init successfully!
Fri Jul 30 04:07:52 2021 kern.warn kernel: [    7.286615] HPPE initializing...
Fri Jul 30 04:07:52 2021 kern.warn kernel: [    7.292078] malibu_phy_api_ops_init[2849]:INFO:qca probe malibu phy driver succeeded!
Fri Jul 30 04:07:52 2021 kern.warn kernel: [    7.297767] qca808x_phy_api_ops_init[2208]:INFO:qca probe qca808x phy driver succeeded!
Fri Jul 30 04:07:52 2021 kern.warn kernel: [    7.303839] regi_init[3526]:INFO:Initializing HPPE!!
Fri Jul 30 04:07:52 2021 kern.warn kernel: [    7.525334] ssdk_ppe_reset_init[1195]:INFO:ppe reset successfully!
Fri Jul 30 04:07:52 2021 kern.warn kernel: [    7.527840] qca_hppe_tdm_hw_init[674]:INFO:tdm setup num=96
Fri Jul 30 04:07:52 2021 kern.warn kernel: [    7.530619] qca_hppe_portctrl_hw_init[102]:INFO:Cypress PPE port initializing
Fri Jul 30 04:07:52 2021 kern.warn kernel: [    7.645674] __adpt_hppe_uniphy_psgmii_mode_set[637]:INFO:cypress uniphy 0 is qca8072 psgmii mode
Fri Jul 30 04:07:52 2021 kern.warn kernel: [    8.993471] ssdk_switch_register[1691]:INFO:Chip version 0x1501
Fri Jul 30 04:07:52 2021 kern.warn kernel: [    8.993496] qca_link_polling_select[1307]:INFO:link-polling-required node does not exist
Fri Jul 30 04:07:52 2021 kern.warn kernel: [    8.998192] ssdk_switch_register[1717]:INFO:polling is selected
Fri Jul 30 04:07:52 2021 kern.warn kernel: [    9.006520] regi_init[3530]:INFO:Initializing HPPE Done!!
Fri Jul 30 04:07:52 2021 kern.warn kernel: [    9.012188] regi_init[3590]:INFO:qca-ssdk module init succeeded!
Fri Jul 30 04:07:52 2021 kern.info kernel: [    9.020310] EDMA ver 1 hw init
Fri Jul 30 04:07:52 2021 kern.info kernel: [    9.023999] EDMA HW Reset completed succesfully
Fri Jul 30 04:07:52 2021 kern.info kernel: [    9.026717] Num rings - TxDesc:1 (23-23) TxCmpl:1 (23-23)
Fri Jul 30 04:07:52 2021 kern.info kernel: [    9.031079] RxDesc:1 (15-15) RxFill:1 (7-7)
Fri Jul 30 04:07:52 2021 kern.info kernel: [    9.238563] GMAC3(bc8fb500) Invalid MAC@ - using 3a:bb:f6:d2:1e:f3
Fri Jul 30 04:07:52 2021 kern.info kernel: [    9.239246] **********************************************************
Fri Jul 30 04:07:52 2021 kern.info kernel: [    9.243626] * NSS Data Plane driver
Fri Jul 30 04:07:52 2021 kern.info kernel: [    9.250146] **********************************************************
Fri Jul 30 04:07:52 2021 kern.alert kernel: [    9.409031] nss_driver - fw of size 796196  bytes copied to load addr: 40000000, nss_id : 0
Fri Jul 30 04:07:52 2021 kern.alert kernel: [    9.409936] Supported Frequencies -
Fri Jul 30 04:07:52 2021 kern.alert kernel: [    9.416217] 187.2 MHz 748.8 MHz
Fri Jul 30 04:07:52 2021 kern.alert kernel: [    9.422164] 1.4976 GHz <1>[    9.423119]
Fri Jul 30 04:07:52 2021 kern.alert kernel: [    9.425521] 7f1bbc80: set sdma bd179200
Fri Jul 30 04:07:52 2021 kern.alert kernel: [    9.427019] node size 2 # items 4
Fri Jul 30 04:07:52 2021 kern.alert kernel: [    9.430504] memory: 40000000 1073741824 (avl 986087424) items 4 active_cores 1
Fri Jul 30 04:07:52 2021 kern.alert kernel: [    9.433980] addr/size storage words 2 2 # words 4 in DTS, ddr size 1000000
Fri Jul 30 04:07:52 2021 kern.alert kernel: [    9.441113] 7f1bbc80: NSS core 0 DDR from 40000000 to 41000000
Fri Jul 30 04:07:52 2021 kern.alert kernel: [    9.448037] 7f1bbc80: meminfo init succeed
Fri Jul 30 04:07:52 2021 kern.info kernel: [    9.474132] gre: GRE over IPv4 demultiplexor driver
Fri Jul 30 04:07:52 2021 kern.info kernel: [    9.474546] ip_gre: GRE over IPv4 tunneling driver
Fri Jul 30 04:07:52 2021 kern.info kernel: [    9.479400] ip6_gre: GRE over IPv6 tunneling driver
Fri Jul 30 04:07:52 2021 kern.info kernel: [    9.491406] Ethernet Channel Bonding Driver: v3.7.1 (April 27, 2011)
Fri Jul 30 04:07:52 2021 kern.alert kernel: [    9.491516] node size 2 # items 4
Fri Jul 30 04:07:52 2021 kern.info kernel: [    9.494151] ip6_tables: (C) 2000-2006 Netfilter Core Team
Fri Jul 30 04:07:52 2021 kern.info kernel: [    9.495361] Netfilter messages via NETLINK v0.30.
Fri Jul 30 04:07:52 2021 kern.info kernel: [    9.496093] ip_set: protocol 6
Fri Jul 30 04:07:52 2021 kern.info kernel: [    9.508909] hidraw: raw HID events driver (C) Jiri Kosina
Fri Jul 30 04:07:52 2021 kern.info kernel: [    9.509328] GACT probability on
Fri Jul 30 04:07:52 2021 kern.info kernel: [    9.509555] Mirror/redirect action on
Fri Jul 30 04:07:52 2021 kern.info kernel: [    9.511041] u32 classifier
Fri Jul 30 04:07:52 2021 kern.info kernel: [    9.511042]     input device check on
Fri Jul 30 04:07:52 2021 kern.info kernel: [    9.511042]     Actions configured
Fri Jul 30 04:07:52 2021 kern.alert kernel: [    9.531628] memory: 40000000 1073741824 (avl 986087424) items 4 active_cores 1
Fri Jul 30 04:07:52 2021 kern.alert kernel: [    9.534932] addr/size storage words 2 2 # words 4 in DTS, ddr size 1000000
Fri Jul 30 04:07:52 2021 kern.info kernel: [    9.540425] Bluetooth: Core ver 2.21
Fri Jul 30 04:07:52 2021 kern.info kernel: [    9.540466] NET: Registered protocol family 31
Fri Jul 30 04:07:52 2021 kern.info kernel: [    9.540467] Bluetooth: HCI device and connection manager initialized
Fri Jul 30 04:07:52 2021 kern.info kernel: [    9.540474] Bluetooth: HCI socket layer initialized
Fri Jul 30 04:07:52 2021 kern.info kernel: [    9.540478] Bluetooth: L2CAP socket layer initialized
Fri Jul 30 04:07:52 2021 kern.info kernel: [    9.540487] Bluetooth: SCO socket layer initialized
Fri Jul 30 04:07:52 2021 kern.info kernel: [    9.541107] Bluetooth: BNEP (Ethernet Emulation) ver 1.3
Fri Jul 30 04:07:52 2021 kern.info kernel: [    9.541108] Bluetooth: BNEP filters: protocol multicast
Fri Jul 30 04:07:52 2021 kern.info kernel: [    9.541114] Bluetooth: BNEP socket layer initialized
Fri Jul 30 04:07:52 2021 kern.info kernel: [    9.542519] usbcore: registered new interface driver btusb
Fri Jul 30 04:07:52 2021 kern.info kernel: [    9.543819] Loading modules backported from Linux version v5.9-rc1-522-g2bb3d43
Fri Jul 30 04:07:52 2021 kern.info kernel: [    9.543820] Backport generated by backports.git v5.8-1-1-g40f1d13
Fri Jul 30 04:07:52 2021 kern.info kernel: [    9.544418] Bluetooth: HCI UART driver ver 2.3
Fri Jul 30 04:07:52 2021 kern.info kernel: [    9.544420] Bluetooth: HCI UART protocol H4 registered
Fri Jul 30 04:07:52 2021 kern.info kernel: [    9.544422] Bluetooth: HCI UART protocol BCSP registered
Fri Jul 30 04:07:52 2021 kern.info kernel: [    9.544981] Bluetooth: HIDP (Human Interface Emulation) ver 1.2
Fri Jul 30 04:07:52 2021 kern.info kernel: [    9.544990] Bluetooth: HIDP socket layer initialized
Fri Jul 30 04:07:52 2021 kern.info kernel: [    9.545582] ip_tables: (C) 2000-2006 Netfilter Core Team
Fri Jul 30 04:07:52 2021 kern.info kernel: [    9.549842] nf_conntrack version 0.5.0 (14855 buckets, 59420 max)
Fri Jul 30 04:07:52 2021 kern.info kernel: [    9.550912] ctnetlink v0.93: registering with nfnetlink.
Fri Jul 30 04:07:52 2021 kern.alert kernel: [    9.649525] 7f1bbc80: nss core 0 booted successfully
Fri Jul 30 04:07:52 2021 kern.info kernel: [    9.779507] openvswitch: Open vSwitch switching datapath
Fri Jul 30 04:07:52 2021 kern.info kernel: [    9.781075] Bluetooth: RFCOMM TTY layer initialized
Fri Jul 30 04:07:52 2021 kern.info kernel: [    9.783882] Bluetooth: RFCOMM socket layer initialized
Fri Jul 30 04:07:52 2021 kern.info kernel: [    9.788514] Bluetooth: RFCOMM ver 1.11
Fri Jul 30 04:07:52 2021 kern.info kernel: [    9.800502] xt_time: kernel timezone is -0000
Fri Jul 30 04:07:52 2021 kern.info kernel: [    9.808209] batman_adv: B.A.T.M.A.N. advanced 2021.1-openwrt-1 (compatibility version 15) loaded
Fri Jul 30 04:07:52 2021 kern.info kernel: [    9.924680] PPP generic driver version 2.4.2
Fri Jul 30 04:07:52 2021 kern.info kernel: [    9.925150] NET: Registered protocol family 24
Fri Jul 30 04:07:52 2021 kern.info kernel: [    9.982153] remoteproc remoteproc0: powering up cd00000.qcom_q6v5_wcss
Fri Jul 30 04:07:52 2021 kern.info kernel: [    9.996941] remoteproc remoteproc0: Booting fw image IPQ6018/q6_fw.mdt, size 7340
Fri Jul 30 04:07:52 2021 kern.info kernel: [   10.831663] Subsystem error monitoring/handling services are up
Fri Jul 30 04:07:52 2021 kern.info kernel: [   10.831929] remoteproc remoteproc0: remote processor cd00000.qcom_q6v5_wcss is now up
Fri Jul 30 04:07:52 2021 kern.info kernel: [   10.832114] rpmsg_dev_probe: No pm domain
Fri Jul 30 04:07:52 2021 kern.info kernel: [   10.832269] rpmsg_dev_probe: No pm domain
Fri Jul 30 04:07:52 2021 kern.warn kernel: [   10.848726] ath11k c000000.wifi: qmi mem size is low to load caldata
Fri Jul 30 04:07:52 2021 kern.warn kernel: [   10.852360] ------------[ cut here ]------------
Fri Jul 30 04:07:52 2021 user.info kernel: [   10.861346] kmodloader: done loading kernel modules from /etc/modules.d/*
Fri Jul 30 04:07:52 2021 kern.warn kernel: [   10.863562] WARNING: CPU: 3 PID: 6 at arch/arm/mm/ioremap.c:301 __arm_ioremap_pfn_caller+0x108/0x1b4()
Fri Jul 30 04:07:52 2021 kern.warn kernel: [   10.870096] Modules linked in: iptable_nat nf_nat_ipv4 pppoe ppp_async ath11k_ahb ath11k pppox ppp_generic nf_conntrack_ipv6 nf_conntrack_ipv4 mac80211 ipt_REJECT ipt_MASQUERADE cfg80211 batman_adv xt_time xt_tcpudp xt_tcpmss xt_statistic xt_state xt_recent xt_nat xt_multiport xt_mark xt_mac xt_limit xt_length xt_id xt_hl xt_helper xt_ecn xt_dscp xt_conntrack xt_connmark xt_connlimit xt_connbytes xt_comment xt_TCPMSS xt_REDIRECT xt_LOG xt_HL xt_DSCP xt_CT xt_CLASSIFY slhc rfcomm openvswitch nf_reject_ipv4 nf_nat_redirect nf_nat_masquerade_ipv4 nf_nat nf_log_ipv4 nf_defrag_ipv6 nf_defrag_ipv4 nf_conntrack_rtcache nf_conntrack_netlink nf_conntrack libcrc32c iptable_raw iptable_mangle iptable_filter ipt_ECN ip_tables hidp hci_uart crc_ccitt compat btusb btintel bnep bluetooth cls_bpf act_bpf sch_tbf sch_ingress sch_htb sch_hfsc em_u32 cls_u32 cls_tcindex cls_route cls_fw cls_flow cls_basic act_skbedit act_mirred act_gact hid evdev input_core qca_nss_bridge_mgr qca_nss_vlan xt_set ip_set_list_set ip_set_hash_netportnet ip_set_hash_netport ip_set_hash_netnet ip_set_hash_netiface ip_set_hash_neFri Jul 30 04:07:52 2021 kern.warn kernel: [   11.020432] CPU: 0 PID: 6 Comm: kworker/u8:0 Not tainted 4.4.60 #0
Fri Jul 30 04:07:52 2021 kern.warn kernel: [   11.020673] Hardware name: Generic DT based system
Fri Jul 30 04:07:52 2021 kern.warn kernel: [   11.026761] Workqueue: qmi_msg_handler qmi_data_ready_work
Fri Jul 30 04:07:52 2021 kern.warn kernel: [   11.037007] [<8001f594>] (unwind_backtrace) from [<8001b8e4>] (show_stack+0x10/0x14)
Fri Jul 30 04:07:52 2021 kern.warn kernel: [   11.037087] [<8001b8e4>] (show_stack) from [<8023cc38>] (dump_stack+0x8c/0xa0)
Fri Jul 30 04:07:52 2021 kern.warn kernel: [   11.044915] [<8023cc38>] (dump_stack) from [<8002ad08>] (warn_slowpath_common+0x94/0xb0)
Fri Jul 30 04:07:52 2021 kern.warn kernel: [   11.051950] [<8002ad08>] (warn_slowpath_common) from [<8002adc0>] (warn_slowpath_null+0x1c/0x24)
Fri Jul 30 04:07:52 2021 kern.warn kernel: [   11.060193] [<8002adc0>] (warn_slowpath_null) from [<800246b8>] (__arm_ioremap_pfn_caller+0x108/0x1b4)
Fri Jul 30 04:07:52 2021 kern.warn kernel: [   11.068958] [<800246b8>] (__arm_ioremap_pfn_caller) from [<800247b0>] (__arm_ioremap_caller+0x4c/0x58)
Fri Jul 30 04:07:52 2021 kern.warn kernel: [   11.078111] [<800247b0>] (__arm_ioremap_caller) from [<7f679490>] (ath11k_qmi_msg_mem_request_cb+0x3b8/0x524 [ath11k])
Fri Jul 30 04:07:52 2021 kern.warn kernel: [   11.087458] [<7f679490>] (ath11k_qmi_msg_mem_request_cb [ath11k]) from [<802be5d4>] (qmi_invoke_handler+0x90/0xcc)
Fri Jul 30 04:07:52 2021 kern.warn kernel: [   11.098042] [<802be5d4>] (qmi_invoke_handler) from [<802be968>] (qmi_handle_message+0x358/0x3fc)
Fri Jul 30 04:07:52 2021 kern.warn kernel: [   11.108366] [<802be968>] (qmi_handle_message) from [<802bf090>] (qmi_data_ready_work+0x468/0x490)
Fri Jul 30 04:07:52 2021 kern.warn kernel: [   11.117312] [<802bf090>] (qmi_data_ready_work) from [<8003eb14>] (process_one_work+0x214/0x3a8)
Fri Jul 30 04:07:52 2021 kern.warn kernel: [   11.126082] [<8003eb14>] (process_one_work) from [<8003ef90>] (worker_thread+0x2e8/0x4c8)
Fri Jul 30 04:07:52 2021 kern.warn kernel: [   11.134588] [<8003ef90>] (worker_thread) from [<80044038>] (kthread+0xf0/0xf8)
Fri Jul 30 04:07:52 2021 kern.warn kernel: [   11.142922] [<80044038>] (kthread) from [<80009c28>] (ret_from_fork+0x14/0x2c)
Fri Jul 30 04:07:52 2021 kern.warn kernel: [   11.150492] ---[ end trace 045f2ce9ca734ad0 ]---
Fri Jul 30 04:07:52 2021 kern.info kernel: [   11.158365] ath11k c000000.wifi: chip_id 0x0 chip_family 0x4 board_id 0xff soc_id 0xffffffff
Fri Jul 30 04:07:52 2021 kern.info kernel: [   11.162271] ath11k c000000.wifi: fw_version 0x250a0004 fw_build_timestamp 2020-10-20 07:32 fw_build_id QC_IMAGE_VERSION_STRING=WLAN.HK.2.5.0.1.r1-00004-QCAHKSWPL_SILICONZ-1
Fri Jul 30 04:07:52 2021 kern.warn kernel: [   11.175097] ath11k c000000.wifi: Direct firmware load for ath11k/IPQ6018/hw1.0/board-2.bin failed with error -2
Fri Jul 30 04:07:52 2021 kern.warn kernel: [   11.186453] ath11k c000000.wifi: Falling back to user helper
Fri Jul 30 04:07:52 2021 daemon.err procd: Could not find firmware /lib/firmware/ath11k/IPQ6018/hw1.0/board-2.bin: No such file or directory
Fri Jul 30 04:07:52 2021 kern.err kernel: [   11.229095] firmware ath11k!IPQ6018!hw1.0!board-2.bin: firmware_loading_store: map pages failed
Fri Jul 30 04:07:52 2021 daemon.err procd: failed to write to /sys//devices/platform/soc/c000000.wifi/firmware/ath11k!IPQ6018!hw1.0!board-2.bin/loading: Out of memory
Fri Jul 30 04:07:52 2021 kern.warn kernel: [   11.241866] ath11k c000000.wifi: Direct firmware load for ath11k-macs failed with error -2
Fri Jul 30 04:07:52 2021 kern.warn kernel: [   11.241898] ath11k c000000.wifi: Falling back to user helper
Fri Jul 30 04:07:52 2021 daemon.err procd: Could not find firmware /lib/firmware/ath11k-macs: No such file or directory
Fri Jul 30 04:07:52 2021 daemon.err procd: failed to write to /sys//devices/platform/soc/c000000.wifi/firmware/ath11k-macs/loading: Out of memory
Fri Jul 30 04:07:52 2021 kern.err kernel: [   11.288714] firmware ath11k-macs: firmware_loading_store: map pages failed
Fri Jul 30 04:07:52 2021 kern.info kernel: [   11.300974] ath11k c000000.wifi: qmi caldata downloaded: type: 2
Fri Jul 30 04:07:52 2021 daemon.notice procd: /etc/rc.d/S16qca-ssdk:
Fri Jul 30 04:07:52 2021 daemon.notice procd: /etc/rc.d/S16qca-ssdk: starting
Fri Jul 30 04:07:52 2021 kern.warn kernel: [   11.410185] failed to request ath11k-macs
Fri Jul 30 04:07:52 2021 kern.warn kernel: [   11.428164] ath11k c000000.wifi: Direct firmware load for ath11k/IPQ6018/hw1.0/qdss_trace_config.bin failed with error -2
Fri Jul 30 04:07:52 2021 kern.warn kernel: [   11.428200] ath11k c000000.wifi: Falling back to user helper
Fri Jul 30 04:07:52 2021 daemon.err procd: Could not find firmware /lib/firmware/ath11k/IPQ6018/hw1.0/qdss_trace_config.bin: No such file or directory
Fri Jul 30 04:07:52 2021 daemon.err procd: failed to write to /sys//devices/platform/soc/c000000.wifi/firmware/ath11k!IPQ6018!hw1.0!qdss_trace_config.bin/loading: Out of memory
Fri Jul 30 04:07:52 2021 kern.err kernel: [   11.647098] firmware ath11k!IPQ6018!hw1.0!qdss_trace_config.bin: firmware_loading_store: map pages failed
Fri Jul 30 04:07:52 2021 kern.warn kernel: [   11.648074] ath11k c000000.wifi: Direct firmware load for qdss_trace_config.bin failed with error -2
Fri Jul 30 04:07:52 2021 kern.warn kernel: [   11.656047] ath11k c000000.wifi: Falling back to user helper
Fri Jul 30 04:07:52 2021 daemon.err procd: Could not find firmware /lib/firmware/qdss_trace_config.bin: No such file or directory
Fri Jul 30 04:07:52 2021 daemon.err procd: failed to write to /sys//devices/platform/soc/c000000.wifi/firmware/qdss_trace_config.bin/loading: Out of memory
Fri Jul 30 04:07:52 2021 kern.err kernel: [   11.681569] firmware qdss_trace_config.bin: firmware_loading_store: map pages failed
Fri Jul 30 04:07:52 2021 kern.warn kernel: [   11.681696] ath11k c000000.wifi: qmi failed to load QDSS config: qdss_trace_config.bin
Fri Jul 30 04:07:52 2021 kern.warn kernel: [   11.688895] ath11k c000000.wifi: Failed to download QDSS config to FW: -11
Fri Jul 30 04:07:52 2021 user.notice dnsmasq: DNS rebinding protection is active, will discard upstream RFC1918 responses!
Fri Jul 30 04:07:52 2021 user.notice dnsmasq: Allowing 127.0.0.0/8 responses
Fri Jul 30 04:07:53 2021 daemon.info dnsmasq[933]: Connected to system UBus
Fri Jul 30 04:07:53 2021 daemon.info dnsmasq[933]: started, version 2.84 cachesize 150
Fri Jul 30 04:07:53 2021 daemon.info dnsmasq[933]: DNS service limited to local subnets
Fri Jul 30 04:07:53 2021 daemon.info dnsmasq[933]: compile time options: IPv6 GNU-getopt no-DBus UBus no-i18n no-IDN DHCP DHCPv6 no-Lua TFTP conntrack ipset auth cryptohash DNSSEC no-ID loop-detect inotify dumpfile
Fri Jul 30 04:07:53 2021 daemon.info dnsmasq[933]: UBus support enabled: connected to system bus
Fri Jul 30 04:07:53 2021 daemon.info dnsmasq[933]: using only locally-known addresses for domain test
Fri Jul 30 04:07:53 2021 daemon.info dnsmasq[933]: using only locally-known addresses for domain onion
Fri Jul 30 04:07:53 2021 daemon.info dnsmasq[933]: using only locally-known addresses for domain localhost
Fri Jul 30 04:07:53 2021 daemon.info dnsmasq[933]: using only locally-known addresses for domain local
Fri Jul 30 04:07:53 2021 daemon.info dnsmasq[933]: using only locally-known addresses for domain invalid
Fri Jul 30 04:07:53 2021 daemon.info dnsmasq[933]: using only locally-known addresses for domain bind
Fri Jul 30 04:07:53 2021 daemon.info dnsmasq[933]: using only locally-known addresses for domain lan
Fri Jul 30 04:07:53 2021 daemon.warn dnsmasq[933]: no servers found in /tmp/resolv.conf.d/resolv.conf.auto, will retry
Fri Jul 30 04:07:53 2021 daemon.info dnsmasq[933]: read /etc/hosts - 4 addresses
Fri Jul 30 04:07:53 2021 daemon.info dnsmasq[933]: read /tmp/hosts/dhcp.cfg01411c - 0 addresses
Fri Jul 30 04:07:53 2021 authpriv.info dropbear[995]: Not backgrounding
Fri Jul 30 04:07:53 2021 user.notice : Added device handler type: 8021ad
Fri Jul 30 04:07:53 2021 user.notice : Added device handler type: 8021q
Fri Jul 30 04:07:53 2021 user.notice : Added device handler type: macvlan
Fri Jul 30 04:07:53 2021 user.notice : Added device handler type: veth
Fri Jul 30 04:07:53 2021 user.notice : Added device handler type: bridge
Fri Jul 30 04:07:53 2021 user.notice : Added device handler type: Network device
Fri Jul 30 04:07:53 2021 user.notice : Added device handler type: tunnel
Fri Jul 30 04:07:53 2021 daemon.notice wpa_supplicant[1097]: Successfully initialized wpa_supplicant
Fri Jul 30 04:07:54 2021 daemon.warn netifd: You have delegated IPv6-prefixes but haven't assigned them to any interface. Did you forget to set option ip6assign on your lan-interfaces?
Fri Jul 30 04:07:54 2021 daemon.notice netifd: Interface 'up_none' is enabled
Fri Jul 30 04:07:54 2021 kern.info kernel: [   13.099976] device eth0 entered promiscuous mode
Fri Jul 30 04:07:54 2021 kern.info kernel: [   13.101166] IPv6: ADDRCONF(NETDEV_UP): up: link is not ready
Fri Jul 30 04:07:54 2021 kern.info kernel: [   13.104843] IPv6: ADDRCONF(NETDEV_UP): up0v0: link is not ready
Fri Jul 30 04:07:54 2021 daemon.notice netifd: Interface 'up0v0' is enabled
Fri Jul 30 04:07:54 2021 daemon.notice netifd: Interface 'loopback' is enabled
Fri Jul 30 04:07:54 2021 daemon.notice netifd: Interface 'loopback' is setting up now
Fri Jul 30 04:07:54 2021 daemon.debug dnsmasq[933]: listening on lo(#1): 127.0.0.1 port 53
Fri Jul 30 04:07:54 2021 daemon.debug dnsmasq[933]: listening on lo(#1): ::1 port 53
Fri Jul 30 04:07:54 2021 daemon.notice netifd: Interface 'loopback' is now up
Fri Jul 30 04:07:54 2021 daemon.notice netifd: Network device 'lo' link is up
Fri Jul 30 04:07:54 2021 daemon.notice netifd: Interface 'loopback' has link connectivity
Fri Jul 30 04:07:54 2021 daemon.notice procd: /etc/rc.d/S50usteer: uci: Entry not found
Fri Jul 30 04:07:54 2021 kern.warn kernel: [   13.483422] netlink: 'iw': attribute type 299 has an invalid length.
Fri Jul 30 04:07:54 2021 kern.warn kernel: [   13.579557] netlink: 'iw': attribute type 299 has an invalid length.
Fri Jul 30 04:07:54 2021 daemon.notice hostapd: Configuration file: /var/run/hostapd-phy0.conf (phy wlan0) --> new PHY
Fri Jul 30 04:07:54 2021 kern.info kernel: [   13.691652] IPv6: ADDRCONF(NETDEV_UP): wlan0: link is not ready
Fri Jul 30 04:07:54 2021 kern.info kernel: [   13.693249] device wlan0 entered promiscuous mode
Fri Jul 30 04:07:54 2021 kern.info kernel: [   13.697104] up: port 2(wlan0) entered forwarding state
Fri Jul 30 04:07:54 2021 kern.info kernel: [   13.701281] up: port 2(wlan0) entered forwarding state
Fri Jul 30 04:07:54 2021 kern.info kernel: [   13.706922] IPv6: ADDRCONF(NETDEV_CHANGE): up: link becomes ready
Fri Jul 30 04:07:54 2021 kern.info kernel: [   13.711677] IPv6: ADDRCONF(NETDEV_CHANGE): up0v0: link becomes ready
Fri Jul 30 04:07:54 2021 daemon.notice hostapd: wlan0: interface state UNINITIALIZED->COUNTRY_UPDATE
Fri Jul 30 04:07:54 2021 daemon.notice netifd: bridge 'up' link is up
Fri Jul 30 04:07:54 2021 daemon.notice netifd: Interface 'up_none' has link connectivity
Fri Jul 30 04:07:54 2021 daemon.notice netifd: Interface 'up_none' is setting up now
Fri Jul 30 04:07:54 2021 daemon.notice hostapd: wlan0: interface state COUNTRY_UPDATE->HT_SCAN
Fri Jul 30 04:07:54 2021 daemon.info bluetoothd[1876]: Bluetooth daemon 5.56
Fri Jul 30 04:07:54 2021 daemon.notice netifd: Interface 'up_none' is now up
Fri Jul 30 04:07:54 2021 daemon.notice netifd: 8021q 'up0v0' link is up
Fri Jul 30 04:07:54 2021 daemon.notice netifd: Interface 'up0v0' has link connectivity
Fri Jul 30 04:07:54 2021 daemon.notice netifd: Interface 'up0v0' is setting up now
Fri Jul 30 04:07:54 2021 daemon.notice netifd: up0v0 (2148): udhcpc: started, v1.33.0
Fri Jul 30 04:07:54 2021 daemon.info bluetoothd[1876]: Starting SDP server
Fri Jul 30 04:07:55 2021 daemon.err bluetoothd[1876]: src/rfkill.c:rfkill_init() Failed to open RFKILL control device
Fri Jul 30 04:07:55 2021 daemon.info bluetoothd[1876]: Bluetooth management interface 1.10 initialized
Fri Jul 30 04:07:55 2021 daemon.notice netifd: up0v0 (2148): udhcpc: sending discover
Fri Jul 30 04:07:55 2021 daemon.notice hostapd: Configuration file: /var/run/hostapd-phy1.conf (phy wlan1) --> new PHY
Fri Jul 30 04:07:55 2021 kern.info kernel: [   13.844948] IPv6: ADDRCONF(NETDEV_UP): wlan1: link is not ready
Fri Jul 30 04:07:55 2021 daemon.err radsecproxy[2016]: No clients configured, nothing to do, exiting
Fri Jul 30 04:07:55 2021 kern.info kernel: [   13.846588] device wlan1 entered promiscuous mode
Fri Jul 30 04:07:55 2021 kern.info kernel: [   13.849778] up: port 3(wlan1) entered forwarding state
Fri Jul 30 04:07:55 2021 kern.info kernel: [   13.854570] up: port 3(wlan1) entered forwarding state
Fri Jul 30 04:07:55 2021 daemon.notice hostapd: wlan1: interface state UNINITIALIZED->COUNTRY_UPDATE
Fri Jul 30 04:07:55 2021 daemon.info hostapd: wlan1: RADIUS Authentication server 10.10.10.72:1812
Fri Jul 30 04:07:55 2021 daemon.notice hostapd: connect[radius]: Network unreachable
Fri Jul 30 04:07:55 2021 daemon.info hostapd: wlan1: RADIUS Accounting server 10.10.10.72:1812
Fri Jul 30 04:07:55 2021 daemon.notice hostapd: connect[radius]: Network unreachable
Fri Jul 30 04:07:55 2021 daemon.info hostapd: wlan1: RADIUS Accounting server 10.10.10.72:1812
Fri Jul 30 04:07:55 2021 daemon.notice hostapd: connect[radius]: Network unreachable
Fri Jul 30 04:07:55 2021 daemon.info hostapd: wlan1: RADIUS No accounting server configured
Fri Jul 30 04:07:55 2021 daemon.notice dynamic-vlan: connected to ubus
Fri Jul 30 04:07:55 2021 daemon.info ieee8021x: connected to ubus
Fri Jul 30 04:07:55 2021 daemon.info ieee8021x: hostapd id 2110478529
Fri Jul 30 04:07:55 2021 daemon.info ieee8021x: netifd id -416600375
Fri Jul 30 04:07:55 2021 daemon.info ucentral-event: enabling dhcp events
Fri Jul 30 04:07:55 2021 daemon.notice ucentral-event: connected to ubus
Fri Jul 30 04:07:55 2021 kern.info kernel: [   14.095202] IPv6: ADDRCONF(NETDEV_CHANGE): wlan1: link becomes ready
Fri Jul 30 04:07:55 2021 kern.info kernel: [   14.115239] up: port 2(wlan0) entered disabled state
Fri Jul 30 04:07:55 2021 daemon.notice hostapd: wlan1: interface state COUNTRY_UPDATE->ENABLED
Fri Jul 30 04:07:55 2021 daemon.notice hostapd: wlan1: AP-ENABLED
Fri Jul 30 04:07:55 2021 daemon.info hostapd: wlan0: RADIUS Authentication server 10.10.10.72:1812
Fri Jul 30 04:07:55 2021 daemon.notice hostapd: connect[radius]: Network unreachable
Fri Jul 30 04:07:55 2021 daemon.info hostapd: wlan0: RADIUS Accounting server 10.10.10.72:1812
Fri Jul 30 04:07:55 2021 daemon.notice hostapd: connect[radius]: Network unreachable
Fri Jul 30 04:07:55 2021 daemon.info hostapd: wlan0: RADIUS Accounting server 10.10.10.72:1812
Fri Jul 30 04:07:55 2021 daemon.notice hostapd: connect[radius]: Network unreachable
Fri Jul 30 04:07:55 2021 daemon.info hostapd: wlan0: RADIUS No accounting server configured
Fri Jul 30 04:07:55 2021 daemon.notice dynamic-vlan: Subscribe to hostapd.wlan1 (3756263141)
Fri Jul 30 04:07:55 2021 user.notice ucitrack: Setting up /etc/config/network reload dependency on /etc/config/dhcp
Fri Jul 30 04:07:55 2021 user.notice ucitrack: Setting up /etc/config/wireless reload dependency on /etc/config/network
Fri Jul 30 04:07:55 2021 user.notice ucitrack: Setting up /etc/config/firewall reload dependency on /etc/config/luci-splash
Fri Jul 30 04:07:55 2021 user.notice ucitrack: Setting up /etc/config/firewall reload dependency on /etc/config/qos
Fri Jul 30 04:07:55 2021 user.notice ucitrack: Setting up /etc/config/firewall reload dependency on /etc/config/miniupnpd
Fri Jul 30 04:07:55 2021 user.notice ucitrack: Setting up /etc/config/dhcp reload dependency on /etc/config/odhcpd
Fri Jul 30 04:07:55 2021 user.notice ucitrack: Setting up non-init /etc/config/fstab reload handler: /sbin/block mount
Fri Jul 30 04:07:55 2021 user.notice ucitrack: Setting up /etc/config/system reload trigger for non-procd /etc/init.d/led
Fri Jul 30 04:07:55 2021 daemon.notice dynamic-vlan: Subscribe to hostapd.wlan0 (1379876604)
Fri Jul 30 04:07:55 2021 kern.info kernel: [   14.302496] IPv6: ADDRCONF(NETDEV_CHANGE): wlan0: link becomes ready
Fri Jul 30 04:07:55 2021 kern.info kernel: [   14.302639] up: port 2(wlan0) entered forwarding state
Fri Jul 30 04:07:55 2021 kern.info kernel: [   14.307978] up: port 2(wlan0) entered forwarding state
Fri Jul 30 04:07:55 2021 daemon.notice hostapd: wlan0: interface state HT_SCAN->ENABLED
Fri Jul 30 04:07:55 2021 daemon.notice hostapd: wlan0: AP-ENABLED
Fri Jul 30 04:07:55 2021 user.notice ucitrack: Setting up /etc/config/system reload dependency on /etc/config/luci_statistics
Fri Jul 30 04:07:55 2021 user.notice ucitrack: Setting up /etc/config/system reload dependency on /etc/config/dhcp
Fri Jul 30 04:07:55 2021 daemon.debug dnsmasq[933]: UBus subscription callback: 1 subscriber(s)
Fri Jul 30 04:07:55 2021 daemon.notice procd: /etc/rc.d/S80umdns: uci: Entry not found
Fri Jul 30 04:07:55 2021 daemon.warn procd: Seccomp support for umdns::instance1 not available
Fri Jul 30 04:07:55 2021 daemon.notice procd: /etc/rc.d/S80umdns: uci: Entry not found
Fri Jul 30 04:07:55 2021 daemon.info lldpd[2842]: no libcap support, running monitor as root
Fri Jul 30 04:07:55 2021 daemon.info lldpd[2900]: protocol LLDP enabled
Fri Jul 30 04:07:55 2021 daemon.info lldpd[2900]: protocol CDPv1 disabled
Fri Jul 30 04:07:55 2021 daemon.info lldpd[2900]: protocol CDPv2 disabled
Fri Jul 30 04:07:55 2021 daemon.info lldpd[2900]: protocol SONMP disabled
Fri Jul 30 04:07:55 2021 daemon.info lldpd[2900]: protocol EDP disabled
Fri Jul 30 04:07:55 2021 daemon.info lldpd[2900]: protocol FDP disabled
Fri Jul 30 04:07:55 2021 daemon.info lldpd[2900]: libevent 2.1.12-stable initialized with epoll method
Fri Jul 30 04:07:55 2021 daemon.notice procd: /etc/rc.d/S96led: setting up led WLAN5G
Fri Jul 30 04:07:55 2021 daemon.notice procd: /etc/rc.d/S96led: setting up led WLAN2G
Fri Jul 30 04:07:55 2021 daemon.notice procd: /etc/rc.d/S96led: setting up led lan1
Fri Jul 30 04:07:55 2021 daemon.notice procd: /etc/rc.d/S96led: setting up led lan2
Fri Jul 30 04:07:55 2021 daemon.notice procd: /etc/rc.d/S96led: setting up led poe
Fri Jul 30 04:07:55 2021 daemon.notice netifd: Network device 'wlan0' link is up
Fri Jul 30 04:07:56 2021 daemon.warn lldpd[2900]: cannot get ethtool link information with GLINKSETTINGS (requires 4.9+). 25G+ speeds may be missing in MAC/PHY TLVs
Fri Jul 30 04:07:56 2021 daemon.info lldpd[2842]: unable to get system name
Fri Jul 30 04:07:56 2021 daemon.info lldpd[2842]: unable to get system name
Fri Jul 30 04:07:56 2021 daemon.notice procd: /etc/rc.d/S99onlinecheck: uci: Invalid argument
Fri Jul 30 04:07:56 2021 daemon.debug dnsmasq[933]: listening on up(#17): fe80::923c:b3ff:fe6a:e223%up port 53
Fri Jul 30 04:07:56 2021 daemon.notice procd: /etc/rc.d/S99rtty: sh: 0: unknown operand
Fri Jul 30 04:07:56 2021 daemon.notice procd: /etc/rc.d/S99rtty: host required
Fri Jul 30 04:07:56 2021 daemon.info procd: Instance onlinecheck::instance1 s in a crash loop 6 crashes, 0 seconds since last crash
Fri Jul 30 04:07:56 2021 daemon.notice netifd: Network device 'wlan1' link is up
Fri Jul 30 04:07:56 2021 daemon.info lldpd[2842]: unable to get system name
Fri Jul 30 04:07:56 2021 daemon.info lldpcli[2899]: iface-pattern set to new value eth0
Fri Jul 30 04:07:56 2021 daemon.info lldpd[2842]: unable to get system name
Fri Jul 30 04:07:56 2021 daemon.info lldpd[2842]: unable to get system name
Fri Jul 30 04:07:56 2021 daemon.info lldpcli[2899]: description set to new value OpenWrt 21.02-SNAPSHOT @ 903cb36ae223
Fri Jul 30 04:07:56 2021 daemon.info lldpcli[2899]: system name set to new value EdgeCore EAP101
Fri Jul 30 04:07:56 2021 daemon.info lldpcli[2899]: lldpd should resume operations
Fri Jul 30 04:07:56 2021 daemon.notice procd: /etc/rc.d/S99ustats: Command failed: Not found
Fri Jul 30 04:07:56 2021 daemon.info ucentral: applying cfg:1627618066
Fri Jul 30 04:07:56 2021 daemon.info ucentral: config_init latest:1627618066 active:1627618066
Fri Jul 30 04:07:56 2021 daemon.info procd: - init complete -
Fri Jul 30 04:07:56 2021 daemon.debug dnsmasq[933]: listening on wlan1(#20): fe80::203:7fff:fe12:e2e1%wlan1 port 53
Fri Jul 30 04:07:56 2021 daemon.debug dnsmasq[933]: listening on up0v0(#18): fe80::923c:b3ff:fe6a:e223%up0v0 port 53
Fri Jul 30 04:07:56 2021 daemon.debug dnsmasq[933]: listening on wlan0(#19): fe80::203:7fff:fe12:e1e1%wlan0 port 53
Fri Jul 30 04:07:57 2021 kern.info kernel: [   15.845335] up: port 3(wlan1) entered forwarding state
Fri Jul 30 04:07:57 2021 kern.info kernel: [   16.305350] up: port 2(wlan0) entered forwarding state
Fri Jul 30 04:07:58 2021 daemon.notice netifd: up0v0 (2148): udhcpc: sending discover
Fri Jul 30 04:07:59 2021 daemon.notice netifd: Network device 'eth0' link is up
Fri Jul 30 04:07:59 2021 kern.info kernel: [   18.235385] nss-dp 3a001000.dp1 eth0: PHY Link up speed: 2500
Fri Jul 30 04:07:59 2021 kern.info kernel: [   18.235532] up: port 1(eth0) entered forwarding state
Fri Jul 30 04:07:59 2021 kern.info kernel: [   18.240133] up: port 1(eth0) entered forwarding state
Fri Jul 30 04:08:00 2021 daemon.err radsecproxy[3572]: No clients configured, nothing to do, exiting
Fri Jul 30 04:08:01 2021 daemon.notice netifd: up0v0 (2148): udhcpc: sending discover
Fri Jul 30 04:08:01 2021 kern.info kernel: [   20.235346] up: port 1(eth0) entered forwarding state
Fri Jul 30 04:08:01 2021 daemon.info ucentral: running apply task
Fri Jul 30 04:08:02 2021 daemon.notice netifd: up0v0 (2148): udhcpc: sending select for 172.16.222.41
Fri Jul 30 04:08:02 2021 daemon.notice netifd: up0v0 (2148): udhcpc: lease of 172.16.222.41 obtained, lease time 600
Fri Jul 30 04:08:02 2021 daemon.debug dnsmasq[933]: listening on up0v0(#18): 172.16.222.41 port 53
Fri Jul 30 04:08:02 2021 daemon.notice netifd: Interface 'up0v0' is now up
Fri Jul 30 04:08:02 2021 daemon.info dnsmasq[933]: reading /tmp/resolv.conf.d/resolv.conf.auto
Fri Jul 30 04:08:02 2021 daemon.info dnsmasq[933]: using only locally-known addresses for domain test
Fri Jul 30 04:08:02 2021 daemon.info dnsmasq[933]: using only locally-known addresses for domain onion
Fri Jul 30 04:08:02 2021 daemon.info dnsmasq[933]: using only locally-known addresses for domain localhost
Fri Jul 30 04:08:02 2021 daemon.info dnsmasq[933]: using only locally-known addresses for domain local
Fri Jul 30 04:08:02 2021 daemon.info dnsmasq[933]: using only locally-known addresses for domain invalid
Fri Jul 30 04:08:02 2021 daemon.info dnsmasq[933]: using only locally-known addresses for domain bind
Fri Jul 30 04:08:02 2021 daemon.info dnsmasq[933]: using only locally-known addresses for domain lan
Fri Jul 30 04:08:02 2021 daemon.info dnsmasq[933]: using nameserver 8.8.8.8#53
Fri Jul 30 04:08:02 2021 user.notice firewall: Reloading firewall due to ifup of up0v0 (up0v0)
Fri Jul 30 04:08:02 2021 daemon.info ip-collide: no collision detected
Fri Jul 30 04:08:03 2021 authpriv.info dropbear[995]: Early exit: Terminated by signal
Fri Jul 30 04:08:03 2021 daemon.debug ucentral: TX: {"jsonrpc":"2.0","id":0,"result":{"serial":"903cb36ae223","uuid":1627618066,"status":{"error":1,"text":"Success","rejected":[]}}}
Fri Jul 30 04:08:03 2021 daemon.err ucentral: trying to send data while not connected
Fri Jul 30 04:08:03 2021 daemon.info ucentral: applied cfg:1627618066
Fri Jul 30 06:04:44 2021 daemon.info ucentral: connection established
Fri Jul 30 06:04:44 2021 daemon.debug ucentral: xmit connect
Fri Jul 30 06:04:44 2021 daemon.debug ucentral: TX: {"jsonrpc":"2.0","method":"connect","params":{"serial":"903cb36ae223","firmware":"OpenWrt 21.02-SNAPSHOT r16011+59-6fd65c6573 / TIP-v2.0.0-rc2-02244b8","uuid":1627618066,"capabilities":{"compatible":"edgecore_eap101","model":"EdgeCore EAP101","platform":"ap","network":{"lan":["eth1","eth2"],"wan":["eth0"]},"switch":{"switch0":{"enable":false,"reset":false}},"wifi":{"platform/soc/c000000.wifi":{"band":["5G"],"ht_capa":6639,"vht_capa":1939470770,"he_mac_capa":[13,39432,4160],"he_phy_capa":[3072,19568,1928,33729,260,44],"htmode":["HT20","HT40","VHT20","VHT40","VHT80","HE20","HE40","HE80","HE160"],"tx_ant":3,"rx_ant":3,"channels":[36,40,44,48,52,56,60,64,100,104,108,112,116,120,124,128,132,136,140,144,149,153,157,161,165],"frequencies":[5180,5200,5220,5240,5260,5280,5300,5320,5500,5520,5540,5560,5580,5600,5620,5640,5660,5680,5700,5720,5745,5765,5785,5805,5825]},"platform/soc/c000000.wifi+1":{"band":["2G"],"ht_capa":6639,"vht_capa":1939421586,"he_mac_capa":[13,39432,4160],"he_phy
Fri Jul 30 06:04:54 2021 auth.info login[4346]: root login on 'ttyMSM0'
Fri Jul 30 06:06:28 2021 daemon.debug ucentral: TX: {"jsonrpc":"2.0","method":"state","params":{"uuid":1627618066,"serial":"903cb36ae223","state":{"unit":{"memory":{"total":973561856,"free":811937792},"localtime":1627625188,"uptime":136,"load":[0.045899,0.041993,0.010742]},"radios":[{"channel":36,"channel_width":"80","tx_power":30,"transmit_ms":1,"receive_ms":0,"busy_ms":1,"active_ms":378,"noise":4294967188,"phy":"platform/soc/c000000.wifi","temperature":47},{"channel":1,"channel_width":"20","tx_power":30,"transmit_ms":1,"receive_ms":0,"busy_ms":2,"active_ms":378,"noise":4294967203,"phy":"platform/soc/c000000.wifi+1","temperature":49}],"interfaces":[{"name":"up0v0","location":"/interfaces/0","ipv4":{"addresses":["172.16.222.41/16"],"leasetime":600},"uptime":114,"dns_servers":["8.8.8.8"],"clients":[{"mac":"9c:69:b4:60:e3:9c","ipv4_addresses":["172.16.0.1"],"ports":["eth0"]}],"ssids":[{"radio":{"$ref":"#/radios/0"},"phy":"platform/soc/c000000.wifi","ssid":"ssid_wpa2_eap_5g","mode":"ap"},{"radio":{"$ref":"#/radios/1"},"phy":"pla
Fri Jul 30 06:06:35 2021 daemon.info ucentral: running health task
Fri Jul 30 06:06:41 2021 daemon.info dnsprobe: attempting to probe dns - telecominfraproject.com 8.8.8.8
Fri Jul 30 06:06:41 2021 daemon.debug radiusprobe[4406]: radcli: rc_test_config: /tmp/radius.conf: no acctserver specified
Fri Jul 30 06:06:42 2021 daemon.debug radiusprobe[4407]: radcli: rc_test_config: /tmp/radius.conf: no acctserver specified
Fri Jul 30 06:06:43 2021 daemon.debug ucentral: TX: {"jsonrpc":"2.0","method":"healthcheck","params":{"serial":"903cb36ae223","uuid":1627618066,"sanity":100,"data":{"unit":{"memory":17}}}}
Fri Jul 30 06:08:10 2021 daemon.debug ucentral: RX: {"id":127,"jsonrpc":"2.0","method":"configure","params":{"config":{"interfaces":[{"ethernet":[{"select-ports":["WAN*"]}],"ipv4":{"addressing":"dynamic"},"name":"WAN","role":"upstream","services":["lldp"],"ssids":[{"bss-mode":"ap","encryption":{"ieee80211w":"optional","proto":"wpa2"},"name":"ssid_wpa2_eap_2g","radius":{"accounting":{"host":"10.10.10.72","port":1812,"secret":"testing123"},"authentication":{"host":"10.10.10.72","port":1812,"secret":"testing123"}},"wifi-bands":["2G"]},{"bss-mode":"ap","encryption":{"ieee80211w":"optional","proto":"wpa2"},"name":"ssid_wpa2_eap_5g","radius":{"accounting":{"host":"10.10.10.72","port":1812,"secret":"testing123"},"authentication":{"host":"10.10.10.72","port":1812,"secret":"testing123"}},"wifi-bands":["5G"]}]}],"metrics":{"health":{"interval":120},"statistics":{"interval":120,"types":["ssids","lldp","clients"]}},"radios":[{"band":"2G","channel-width":20,"country":"US"},{"band":"5G","channel-width":80,"country":"US"}],"services":{"lldp
Fri Jul 30 06:08:10 2021 daemon.info ucentral: applying cfg:1627625290
Fri Jul 30 06:08:10 2021 daemon.info ucentral: config_init latest:1627625290 active:1627618066
Fri Jul 30 06:08:10 2021 daemon.info ucentral: running apply task
Fri Jul 30 06:08:12 2021 daemon.debug ucentral: TX: {"jsonrpc":"2.0","id":127,"result":{"serial":"903cb36ae223","uuid":1627625290,"status":{"error":1,"text":"Success","rejected":[]}}}
Fri Jul 30 06:08:12 2021 daemon.info ucentral: applied cfg:1627625290

