:~# logread
Thu Aug 26 18:25:19 2021 kern.info kernel: [    0.000000] Booting Linux on physical CPU 0x0
Thu Aug 26 18:25:19 2021 kern.notice kernel: [    0.000000] Linux version 5.4.111 (runner@e138e1a137f9) (gcc version 8.4.0 (OpenWrt GCC 8.4.0 r16011+65-6fd65c6573)) #0 SMP Thu Aug 26 18:25:04 2021
Thu Aug 26 18:25:19 2021 kern.info kernel: [    0.000000] CPU: ARMv7 Processor [410fc075] revision 5 (ARMv7), cr=10c5387d
Thu Aug 26 18:25:19 2021 kern.info kernel: [    0.000000] CPU: div instructions available: patching division code
Thu Aug 26 18:25:19 2021 kern.info kernel: [    0.000000] CPU: PIPT / VIPT nonaliasing data cache, VIPT aliasing instruction cache
Thu Aug 26 18:25:19 2021 kern.info kernel: [    0.000000] OF: fdt: Machine model: tp-link EC420 G1
Thu Aug 26 18:25:19 2021 kern.info kernel: [    0.000000] Memory policy: Data cache writealloc
Thu Aug 26 18:25:19 2021 kern.debug kernel: [    0.000000] On node 0 totalpages: 131072
Thu Aug 26 18:25:19 2021 kern.debug kernel: [    0.000000]   Normal zone: 1152 pages used for memmap
Thu Aug 26 18:25:19 2021 kern.debug kernel: [    0.000000]   Normal zone: 0 pages reserved
Thu Aug 26 18:25:19 2021 kern.debug kernel: [    0.000000]   Normal zone: 131072 pages, LIFO batch:31
Thu Aug 26 18:25:19 2021 kern.info kernel: [    0.000000] percpu: Embedded 15 pages/cpu s30092 r8192 d23156 u61440
Thu Aug 26 18:25:19 2021 kern.debug kernel: [    0.000000] pcpu-alloc: s30092 r8192 d23156 u61440 alloc=15*4096
Thu Aug 26 18:25:19 2021 kern.debug kernel: [    0.000000] pcpu-alloc: [0] 0 [0] 1 [0] 2 [0] 3
Thu Aug 26 18:25:19 2021 kern.info kernel: [    0.000000] Built 1 zonelists, mobility grouping on.  Total pages: 129920
Thu Aug 26 18:25:19 2021 kern.notice kernel: [    0.000000] Kernel command line: rootwait
Thu Aug 26 18:25:19 2021 kern.info kernel: [    0.000000] Dentry cache hash table entries: 65536 (order: 6, 262144 bytes, linear)
Thu Aug 26 18:25:19 2021 kern.info kernel: [    0.000000] Inode-cache hash table entries: 32768 (order: 5, 131072 bytes, linear)
Thu Aug 26 18:25:19 2021 kern.info kernel: [    0.000000] mem auto-init: stack:off, heap alloc:off, heap free:off
Thu Aug 26 18:25:19 2021 kern.info kernel: [    0.000000] Memory: 507192K/524288K available (5622K kernel code, 186K rwdata, 1480K rodata, 1024K init, 232K bss, 17096K reserved, 0K cma-reserved, 0K highmem)
Thu Aug 26 18:25:19 2021 kern.info kernel: [    0.000000] SLUB: HWalign=64, Order=0-3, MinObjects=0, CPUs=4, Nodes=1
Thu Aug 26 18:25:19 2021 kern.info kernel: [    0.000000] rcu: Hierarchical RCU implementation.
Thu Aug 26 18:25:19 2021 kern.info kernel: [    0.000000] rcu: RCU calculated value of scheduler-enlistment delay is 10 jiffies.
Thu Aug 26 18:25:19 2021 kern.info kernel: [    0.000000] NR_IRQS: 16, nr_irqs: 16, preallocated irqs: 16
Thu Aug 26 18:25:19 2021 kern.notice kernel: [    0.000000] random: get_random_bytes called from start_kernel+0x2f0/0x49c with crng_init=0
Thu Aug 26 18:25:19 2021 kern.info kernel: [    0.000000] arch_timer: cp15 timer(s) running at 48.00MHz (virt).
Thu Aug 26 18:25:19 2021 kern.info kernel: [    0.000000] clocksource: arch_sys_counter: mask: 0xffffffffffffff max_cycles: 0xb11fd3bfb, max_idle_ns: 440795203732 ns
Thu Aug 26 18:25:19 2021 kern.info kernel: [    0.000007] sched_clock: 56 bits at 48MHz, resolution 20ns, wraps every 4398046511096ns
Thu Aug 26 18:25:19 2021 kern.info kernel: [    0.000022] Switching to timer-based delay loop, resolution 20ns
Thu Aug 26 18:25:19 2021 kern.info kernel: [    0.000226] Calibrating delay loop (skipped), value calculated using timer frequency.. 96.00 BogoMIPS (lpj=480000)
Thu Aug 26 18:25:19 2021 kern.info kernel: [    0.000242] pid_max: default: 32768 minimum: 301
Thu Aug 26 18:25:19 2021 kern.info kernel: [    0.000451] Mount-cache hash table entries: 1024 (order: 0, 4096 bytes, linear)
Thu Aug 26 18:25:19 2021 kern.info kernel: [    0.000468] Mountpoint-cache hash table entries: 1024 (order: 0, 4096 bytes, linear)
Thu Aug 26 18:25:19 2021 kern.info kernel: [    0.001470] CPU: Testing write buffer coherency: ok
Thu Aug 26 18:25:19 2021 kern.info kernel: [    0.002514] Setting up static identity map for 0x80300000 - 0x80300060
Thu Aug 26 18:25:19 2021 kern.info kernel: [    0.002658] rcu: Hierarchical SRCU implementation.
Thu Aug 26 18:25:19 2021 kern.info kernel: [    0.003100] smp: Bringing up secondary CPUs ...
Thu Aug 26 18:25:19 2021 kern.info kernel: [    0.006196] smp: Brought up 1 node, 4 CPUs
Thu Aug 26 18:25:19 2021 kern.info kernel: [    0.006217] SMP: Total of 4 processors activated (384.00 BogoMIPS).
Thu Aug 26 18:25:19 2021 kern.info kernel: [    0.006225] CPU: All CPU(s) started in SVC mode.
Thu Aug 26 18:25:19 2021 kern.info kernel: [    0.010807] VFP support v0.3: implementor 41 architecture 2 part 30 variant 7 rev 5
Thu Aug 26 18:25:19 2021 kern.info kernel: [    0.010963] clocksource: jiffies: mask: 0xffffffff max_cycles: 0xffffffff, max_idle_ns: 19112604462750000 ns
Thu Aug 26 18:25:19 2021 kern.info kernel: [    0.010989] futex hash table entries: 1024 (order: 4, 65536 bytes, linear)
Thu Aug 26 18:25:19 2021 kern.info kernel: [    0.011200] pinctrl core: initialized pinctrl subsystem
Thu Aug 26 18:25:19 2021 kern.info kernel: [    0.012222] NET: Registered protocol family 16
Thu Aug 26 18:25:19 2021 kern.info kernel: [    0.012536] DMA: preallocated 256 KiB pool for atomic coherent allocations
Thu Aug 26 18:25:19 2021 kern.info kernel: [    0.013832] cpuidle: using governor ladder
Thu Aug 26 18:25:19 2021 kern.info kernel: [    0.013880] cpuidle: using governor menu
Thu Aug 26 18:25:19 2021 kern.info kernel: [    0.014572] pstore: Registered ramoops as persistent store backend
Thu Aug 26 18:25:19 2021 kern.info kernel: [    0.014588] ramoops: using 0x10000@0x87df0000, ecc: 0
Thu Aug 26 18:25:19 2021 kern.info kernel: [    0.033631] cryptd: max_cpu_qlen set to 1000
Thu Aug 26 18:25:19 2021 kern.info kernel: [    0.037008] usbcore: registered new interface driver usbfs
Thu Aug 26 18:25:19 2021 kern.info kernel: [    0.037077] usbcore: registered new interface driver hub
Thu Aug 26 18:25:19 2021 kern.info kernel: [    0.037136] usbcore: registered new device driver usb
Thu Aug 26 18:25:19 2021 kern.info kernel: [    0.037187] pps_core: LinuxPPS API ver. 1 registered
Thu Aug 26 18:25:19 2021 kern.info kernel: [    0.037196] pps_core: Software ver. 5.3.6 - Copyright 2005-2007 Rodolfo Giometti <giometti@linux.it>
Thu Aug 26 18:25:19 2021 kern.info kernel: [    0.037222] PTP clock support registered
Thu Aug 26 18:25:19 2021 kern.warn kernel: [    0.037913] workqueue: max_active 576 requested for napi_workq is out of range, clamping between 1 and 512
Thu Aug 26 18:25:19 2021 kern.info kernel: [    0.038999] clocksource: Switched to clocksource arch_sys_counter
Thu Aug 26 18:25:19 2021 kern.info kernel: [    0.039785] thermal_sys: Registered thermal governor 'step_wise'
Thu Aug 26 18:25:19 2021 kern.info kernel: [    0.040186] NET: Registered protocol family 2
Thu Aug 26 18:25:19 2021 kern.info kernel: [    0.040816] tcp_listen_portaddr_hash hash table entries: 512 (order: 0, 6144 bytes, linear)
Thu Aug 26 18:25:19 2021 kern.info kernel: [    0.040860] TCP established hash table entries: 4096 (order: 2, 16384 bytes, linear)
Thu Aug 26 18:25:19 2021 kern.info kernel: [    0.040922] TCP bind hash table entries: 4096 (order: 3, 32768 bytes, linear)
Thu Aug 26 18:25:19 2021 kern.info kernel: [    0.041011] TCP: Hash tables configured (established 4096 bind 4096)
Thu Aug 26 18:25:19 2021 kern.info kernel: [    0.041131] UDP hash table entries: 256 (order: 1, 8192 bytes, linear)
Thu Aug 26 18:25:19 2021 kern.info kernel: [    0.041168] UDP-Lite hash table entries: 256 (order: 1, 8192 bytes, linear)
Thu Aug 26 18:25:19 2021 kern.info kernel: [    0.041420] NET: Registered protocol family 1
Thu Aug 26 18:25:19 2021 kern.info kernel: [    0.041464] PCI: CLS 0 bytes, default 64
Thu Aug 26 18:25:19 2021 kern.info kernel: [    0.043384] workingset: timestamp_bits=14 max_order=17 bucket_order=3
Thu Aug 26 18:25:19 2021 kern.info kernel: [    0.049217] squashfs: version 4.0 (2009/01/31) Phillip Lougher
Thu Aug 26 18:25:19 2021 kern.info kernel: [    0.049231] jffs2: version 2.2 (NAND) (SUMMARY) (LZMA) (RTIME) (CMODE_PRIORITY) (c) 2001-2006 Red Hat, Inc.
Thu Aug 26 18:25:19 2021 kern.info kernel: [    0.099923] qcom-pcie 40000000.pci: host bridge /soc/pci@40000000 ranges:
Thu Aug 26 18:25:19 2021 kern.info kernel: [    0.099974] qcom-pcie 40000000.pci:    IO 0x40200000..0x402fffff -> 0x40200000
Thu Aug 26 18:25:19 2021 kern.info kernel: [    0.100003] qcom-pcie 40000000.pci:   MEM 0x40300000..0x40ffffff -> 0x40300000
Thu Aug 26 18:25:19 2021 kern.info kernel: [    0.380577] qcom-pcie 40000000.pci: Link up
Thu Aug 26 18:25:19 2021 kern.info kernel: [    0.380746] qcom-pcie 40000000.pci: PCI host bridge to bus 0000:00
Thu Aug 26 18:25:19 2021 kern.info kernel: [    0.380765] pci_bus 0000:00: root bus resource [bus 00-ff]
Thu Aug 26 18:25:19 2021 kern.info kernel: [    0.380783] pci_bus 0000:00: root bus resource [io  0x0000-0xfffff] (bus address [0x40200000-0x402fffff])
Thu Aug 26 18:25:19 2021 kern.info kernel: [    0.380797] pci_bus 0000:00: root bus resource [mem 0x40300000-0x40ffffff]
Thu Aug 26 18:25:19 2021 kern.info kernel: [    0.380839] pci 0000:00:00.0: [17cb:1001] type 01 class 0x060400
Thu Aug 26 18:25:19 2021 kern.info kernel: [    0.380876] pci 0000:00:00.0: reg 0x10: [mem 0x00000000-0x00000fff]
Thu Aug 26 18:25:19 2021 kern.info kernel: [    0.380947] pci 0000:00:00.0: PME# supported from D0 D3hot
Thu Aug 26 18:25:19 2021 kern.info kernel: [    0.382425] PCI: bus0: Fast back to back transfers disabled
Thu Aug 26 18:25:19 2021 kern.info kernel: [    0.382639] pci 0000:01:00.0: [168c:0046] type 00 class 0x028000
Thu Aug 26 18:25:19 2021 kern.info kernel: [    0.382811] pci 0000:01:00.0: reg 0x10: [mem 0x00000000-0x001fffff 64bit]
Thu Aug 26 18:25:19 2021 kern.info kernel: [    0.383335] pci 0000:01:00.0: PME# supported from D0 D3hot D3cold
Thu Aug 26 18:25:19 2021 kern.info kernel: [    0.384927] PCI: bus1: Fast back to back transfers disabled
Thu Aug 26 18:25:19 2021 kern.info kernel: [    0.384977] pci 0000:00:00.0: BAR 8: assigned [mem 0x40400000-0x405fffff]
Thu Aug 26 18:25:19 2021 kern.info kernel: [    0.384993] pci 0000:00:00.0: BAR 0: assigned [mem 0x40300000-0x40300fff]
Thu Aug 26 18:25:19 2021 kern.info kernel: [    0.385014] pci 0000:01:00.0: BAR 0: assigned [mem 0x40400000-0x405fffff 64bit]
Thu Aug 26 18:25:19 2021 kern.info kernel: [    0.385075] pci 0000:00:00.0: PCI bridge to [bus 01-ff]
Thu Aug 26 18:25:19 2021 kern.info kernel: [    0.385090] pci 0000:00:00.0:   bridge window [mem 0x40400000-0x405fffff]
Thu Aug 26 18:25:19 2021 kern.info kernel: [    0.387917] pcieport 0000:00:00.0: AER: enabled with IRQ 78
Thu Aug 26 18:25:19 2021 kern.err kernel: [    0.389684] bam-dma-engine 8e04000.dma: num-channels unspecified in dt
Thu Aug 26 18:25:19 2021 kern.err kernel: [    0.389703] bam-dma-engine 8e04000.dma: num-ees unspecified in dt
Thu Aug 26 18:25:19 2021 kern.info kernel: [    0.390945] tcsr 1949000.tcsr: setting wifi_glb_cfg = 41000000
Thu Aug 26 18:25:19 2021 kern.info kernel: [    0.391039] tcsr 1953000.ess_tcsr: setting ess interface select = 0
Thu Aug 26 18:25:19 2021 kern.info kernel: [    0.391129] tcsr 1957000.tcsr: setting wifi_noc_memtype_m0_m2 = 2222222
Thu Aug 26 18:25:19 2021 kern.info kernel: [    0.391436] Serial: 8250/16550 driver, 2 ports, IRQ sharing disabled
Thu Aug 26 18:25:19 2021 kern.info kernel: [    0.392029] msm_serial 78af000.serial: msm_serial: detected port #0
Thu Aug 26 18:25:19 2021 kern.info kernel: [    0.392078] msm_serial 78af000.serial: uartclk = 1843200
Thu Aug 26 18:25:19 2021 kern.info kernel: [    0.392129] 78af000.serial: ttyMSM0 at MMIO 0x78af000 (irq = 25, base_baud = 115200) is a MSM
Thu Aug 26 18:25:19 2021 kern.info kernel: [    0.392156] msm_serial: console setup on port #0
Thu Aug 26 18:25:19 2021 kern.info kernel: [    1.015358] printk: console [ttyMSM0] enabled
Thu Aug 26 18:25:19 2021 kern.info kernel: [    1.020278] msm_serial: driver initialized
Thu Aug 26 18:25:19 2021 kern.info kernel: [    1.029393] loop: module loaded
Thu Aug 26 18:25:19 2021 kern.info kernel: [    1.030898] nand: device found, Manufacturer ID: 0xc8, Chip ID: 0xda
Thu Aug 26 18:25:19 2021 kern.info kernel: [    1.031346] nand: ESMT NAND 256MiB 3,3V 8-bit
Thu Aug 26 18:25:19 2021 kern.info kernel: [    1.037938] nand: 256 MiB, SLC, erase size: 128 KiB, page size: 2048, OOB size: 64
Thu Aug 26 18:25:19 2021 kern.notice kernel: [    1.042298] 1 fixed-partitions partitions found on MTD device qcom_nand.0
Thu Aug 26 18:25:19 2021 kern.notice kernel: [    1.049691] Creating 1 MTD partitions on "qcom_nand.0":
Thu Aug 26 18:25:19 2021 kern.notice kernel: [    1.056523] 0x000000000000-0x000010000000 : "ubi"
Thu Aug 26 18:25:19 2021 kern.notice kernel: [    1.086555] random: fast init done
Thu Aug 26 18:25:19 2021 kern.info kernel: [    1.466223] spi_qup 78b5000.spi: IN:block:16, fifo:64, OUT:block:16, fifo:64
Thu Aug 26 18:25:19 2021 kern.info kernel: [    1.468752] spi-nor spi0.0: gd25q256 (32768 Kbytes)
Thu Aug 26 18:25:19 2021 kern.notice kernel: [    1.472445] 10 fixed-partitions partitions found on MTD device spi0.0
Thu Aug 26 18:25:19 2021 kern.notice kernel: [    1.476939] Creating 10 MTD partitions on "spi0.0":
Thu Aug 26 18:25:19 2021 kern.notice kernel: [    1.483566] 0x000000000000-0x000000040000 : "0:SBL1"
Thu Aug 26 18:25:19 2021 kern.notice kernel: [    1.489188] 0x000000040000-0x000000060000 : "0:MIBIB"
Thu Aug 26 18:25:19 2021 kern.notice kernel: [    1.494262] 0x000000060000-0x0000000c0000 : "0:QSEE"
Thu Aug 26 18:25:19 2021 kern.notice kernel: [    1.499278] 0x0000000c0000-0x0000000d0000 : "0:CDT"
Thu Aug 26 18:25:19 2021 kern.notice kernel: [    1.504237] 0x0000000d0000-0x0000000e0000 : "0:DDRPARAMS"
Thu Aug 26 18:25:19 2021 kern.notice kernel: [    1.508819] 0x0000000e0000-0x0000000f0000 : "0:APPSBLENV"
Thu Aug 26 18:25:19 2021 kern.notice kernel: [    1.514449] 0x0000000f0000-0x000000170000 : "0:APPSBL"
Thu Aug 26 18:25:19 2021 kern.notice kernel: [    1.519819] 0x000000170000-0x000000180000 : "0:ART"
Thu Aug 26 18:25:19 2021 kern.notice kernel: [    1.524848] 0x000000180000-0x000000190000 : "product_info"
Thu Aug 26 18:25:19 2021 kern.notice kernel: [    1.529665] 0x000000190000-0x000002000000 : "factory_fw"
Thu Aug 26 18:25:19 2021 kern.info kernel: [    1.535860] libphy: ipq4019_mdio: probed
Thu Aug 26 18:25:19 2021 kern.info kernel: [    1.564875] ESS reset ok!
Thu Aug 26 18:25:19 2021 kern.info kernel: [    1.589031] ESS reset ok!
Thu Aug 26 18:25:19 2021 kern.info kernel: [    2.010305] libphy: Fixed MDIO Bus: probed
Thu Aug 26 18:25:19 2021 kern.info kernel: [    2.017017] EDMA using MAC@ - using
Thu Aug 26 18:25:19 2021 kern.info kernel: [    2.017030] aa:77:c5:b2:ba:c9
Thu Aug 26 18:25:19 2021 kern.info kernel: [    2.123984] i2c /dev entries driver
Thu Aug 26 18:25:19 2021 kern.info kernel: [    2.125940] sdhci: Secure Digital Host Controller Interface driver
Thu Aug 26 18:25:19 2021 kern.info kernel: [    2.126279] sdhci: Copyright(c) Pierre Ossman
Thu Aug 26 18:25:19 2021 kern.info kernel: [    2.132604] sdhci-pltfm: SDHCI platform and OF driver helper
Thu Aug 26 18:25:19 2021 kern.info kernel: [    2.140056] NET: Registered protocol family 10
Thu Aug 26 18:25:19 2021 kern.info kernel: [    2.144029] Segment Routing with IPv6
Thu Aug 26 18:25:19 2021 kern.info kernel: [    2.147018] NET: Registered protocol family 17
Thu Aug 26 18:25:19 2021 kern.info kernel: [    2.150766] 8021q: 802.1Q VLAN Support v1.8
Thu Aug 26 18:25:19 2021 kern.notice kernel: [    2.155077] Registering SWP/SWPB emulation handler
Thu Aug 26 18:25:19 2021 kern.info kernel: [    2.162428] pstore: Using crash dump compression: deflate
Thu Aug 26 18:25:19 2021 kern.notice kernel: [    2.171082] UBI: auto-attach mtd0
Thu Aug 26 18:25:19 2021 kern.notice kernel: [    2.171120] ubi0: attaching mtd0
Thu Aug 26 18:25:19 2021 kern.notice kernel: [    3.589337] random: crng init done
Thu Aug 26 18:25:19 2021 kern.notice kernel: [    5.454135] ubi0: scanning is finished
Thu Aug 26 18:25:19 2021 kern.notice kernel: [    5.482157] ubi0: attached mtd0 (name "ubi", size 256 MiB)
Thu Aug 26 18:25:19 2021 kern.notice kernel: [    5.482197] ubi0: PEB size: 131072 bytes (128 KiB), LEB size: 126976 bytes
Thu Aug 26 18:25:19 2021 kern.notice kernel: [    5.486545] ubi0: min./max. I/O unit sizes: 2048/2048, sub-page size 2048
Thu Aug 26 18:25:19 2021 kern.notice kernel: [    5.493462] ubi0: VID header offset: 2048 (aligned 2048), data offset: 4096
Thu Aug 26 18:25:19 2021 kern.notice kernel: [    5.500308] ubi0: good PEBs: 2048, bad PEBs: 0, corrupted PEBs: 0
Thu Aug 26 18:25:19 2021 kern.notice kernel: [    5.507030] ubi0: user volume: 5, internal volumes: 1, max. volumes count: 128
Thu Aug 26 18:25:19 2021 kern.notice kernel: [    5.513312] ubi0: max/mean erase counter: 502/229, WL threshold: 4096, image sequence number: 218574045
Thu Aug 26 18:25:19 2021 kern.notice kernel: [    5.520430] ubi0: available PEBs: 0, total reserved PEBs: 2048, PEBs reserved for bad PEB handling: 40
Thu Aug 26 18:25:19 2021 kern.notice kernel: [    5.529752] ubi0: background thread "ubi_bgt0d" started, PID 105
Thu Aug 26 18:25:19 2021 kern.info kernel: [    5.531151] block ubiblock0_2: created from ubi0:2(rootfs)
Thu Aug 26 18:25:19 2021 kern.notice kernel: [    5.545222] ubiblock: device ubiblock0_2 (rootfs) set to be root filesystem
Thu Aug 26 18:25:19 2021 kern.info kernel: [    5.550566] hctosys: unable to open rtc device (rtc0)
Thu Aug 26 18:25:19 2021 kern.info kernel: [    5.563911] VFS: Mounted root (squashfs filesystem) readonly on device 254:0.
Thu Aug 26 18:25:19 2021 kern.info kernel: [    5.565565] Freeing unused kernel memory: 1024K
Thu Aug 26 18:25:19 2021 kern.info kernel: [    5.612704] Run /sbin/init as init process
Thu Aug 26 18:25:19 2021 user.info kernel: [    6.480169] init: Console is alive
Thu Aug 26 18:25:19 2021 user.info kernel: [    6.480411] init: - watchdog -
Thu Aug 26 18:25:19 2021 user.info kernel: [    8.148812] kmodloader: loading kernel modules from /etc/modules-boot.d/*
Thu Aug 26 18:25:19 2021 user.info kernel: [    8.196399] 
 modules from /etc/modules-boot.d/*
Thu Aug 26 18:25:19 2021 user.info kernel: [    8.202102] init: - preinit -
Thu Aug 26 18:25:19 2021 kern.notice kernel: [    9.383720] UBIFS (ubi0:3): Mounting in unauthenticated mode
Thu Aug 26 18:25:19 2021 kern.notice kernel: [    9.383962] UBIFS (ubi0:3): background thread "ubifs_bgt0_3" started, PID 168
Thu Aug 26 18:25:19 2021 kern.notice kernel: [    9.476477] UBIFS (ubi0:3): recovery needed
Thu Aug 26 18:25:19 2021 kern.notice kernel: [    9.708256] UBIFS (ubi0:3): recovery completed
Thu Aug 26 18:25:19 2021 kern.notice kernel: [    9.708582] UBIFS (ubi0:3): UBIFS: mounted UBI device 0, volume 3, name "rootfs_data"
Thu Aug 26 18:25:19 2021 kern.notice kernel: [    9.711775] UBIFS (ubi0:3): LEB size: 126976 bytes (124 KiB), min./max. I/O unit sizes: 2048 bytes/2048 bytes
Thu Aug 26 18:25:19 2021 kern.notice kernel: [    9.719631] UBIFS (ubi0:3): FS size: 227160064 bytes (216 MiB, 1789 LEBs), journal size 11427840 bytes (10 MiB, 90 LEBs)
Thu Aug 26 18:25:19 2021 kern.notice kernel: [    9.729543] UBIFS (ubi0:3): reserved for root: 4952683 bytes (4836 KiB)
Thu Aug 26 18:25:19 2021 kern.notice kernel: [    9.740446] UBIFS (ubi0:3): media format: w5/r0 (latest is w5/r0), UUID 4C7C52F4-DB36-47ED-9BAE-4763F4FD5896, small LPT model
Thu Aug 26 18:25:19 2021 user.info kernel: [    9.755039] mount_root: overlay filesystem has not been fully initialized yet
Thu Aug 26 18:25:19 2021 user.info kernel: [    9.760036] mount_root: switching to ubifs overlay
Thu Aug 26 18:25:19 2021 user.warn kernel: [    9.786020] urandom-seed: Seed file not found (/etc/urandom.seed)
Thu Aug 26 18:25:19 2021 user.info kernel: [    9.884639] procd: - early -
Thu Aug 26 18:25:19 2021 user.info kernel: [    9.884751] procd: - watchdog -
Thu Aug 26 18:25:19 2021 user.info kernel: [   10.460551] procd: - watchdog -
Thu Aug 26 18:25:19 2021 user.info kernel: [   10.507694] procd: - ubus -
Thu Aug 26 18:25:19 2021 user.info kernel: [   10.561170] procd: - init -
Thu Aug 26 18:25:19 2021 user.info kernel: [   11.215002] kmodloader: loading kernel modules from /etc/modules.d/*
Thu Aug 26 18:25:19 2021 kern.info kernel: [   11.253123] gre: GRE over IPv4 demultiplexor driver
Thu Aug 26 18:25:19 2021 kern.info kernel: [   11.254666] ip_gre: GRE over IPv4 tunneling driver
Thu Aug 26 18:25:19 2021 kern.info kernel: [   11.261179] ip6_gre: GRE over IPv6 tun 
neling driver
Thu Aug 26 18:25:19 2021 user.info kernel: [   11.262183] urngd: v1.0.2 started.
Thu Aug 26 18:25:19 2021 kern.info kernel: [   11.298095] GACT probability on
Thu Aug 26 18:25:19 2021 kern.info kernel: [   11.299129] Mirror/redirect action on
Thu Aug 26 18:25:19 2021 kern.info kernel: [   11.307601] u32 classifier
Thu Aug 26 18:25:19 2021 kern.info kernel: [   11.307632]     input device check on
Thu Aug 26 18:25:19 2021 kern.info kernel: [   11.309341]     Actions configured
Thu Aug 26 18:25:19 2021 kern.info kernel: [   11.322828] Loading modules backported from Linux version v5.10.42-0-g65859eca4dff
Thu Aug 26 18:25:19 2021 kern.info kernel: [   11.322870] Backport generated by backports.git v5.10.42-1-0-gbee5c545
Thu Aug 26 18:25:19 2021 kern.info kernel: [   11.357289] xt_time: kernel timezone is -0000
Thu Aug 26 18:25:19 2021 kern.info kernel: [   11.361391] batman_adv: B.A.T.M.A.N. advanced 2021.1-openwrt-1 (compatibility version 15) loaded
Thu Aug 26 18:25:19 2021 kern.info kernel: [   11.463357] PPP generic driver version 2.4.2
Thu Aug 26 18:25:19 2021 kern.info kernel: [   11.466474] NET: Registered protocol family 24
Thu Aug 26 18:25:19 2021 kern.info kernel: [   11.533126] ath10k 5.10 driver, optimized for CT firmware, probing pci device: 0x46.
Thu Aug 26 18:25:19 2021 kern.info kernel: [   11.535755] ath10k_pci 0000:01:00.0: enabling device (0140 -> 0142)
Thu Aug 26 18:25:19 2021 kern.info kernel: [   11.540922] ath10k_pci 0000:01:00.0: pci irq msi oper_irq_mode 2 irq_mode 0 reset_mode 0
Thu Aug 26 18:25:19 2021 kern.warn kernel: [   12.148865] ath10k_pci 0000:01:00.0: fwcfg key: vdevs  val: 8
Thu Aug 26 18:25:19 2021 kern.warn kernel: [   12.148934] ath10k_pci 0000:01:00.0: fwcfg key: peers  val: 180
Thu Aug 26 18:25:19 2021 kern.warn kernel: [   12.153871] ath10k_pci 0000:01:00.0: fwcfg key: active_peers  val: 180
Thu Aug 26 18:25:19 2021 kern.warn kernel: [   12.159554] ath10k_pci 0000:01:00.0: fwcfg key: stations  val: 180
Thu Aug 26 18:25:19 2021 kern.warn kernel: [   12.165977] ath10k_pci 0000:01:00.0: fwcfg key: rate_ctrl_objs  val: 7
Thu Aug 26 18:25:19 2021 kern.warn kernel: [   12.172289] ath10k_pci 0000:01:00.0: fwcfg key: nohwcrypt  val: 0
Thu Aug 26 18:25:19 2021 kern.warn kernel: [   12.178664] ath10k_pci 0000:01:00.0: fwcfg key: ct_sta_mode  val: 0
Thu Aug 26 18:25:19 2021 kern.warn kernel: [   12.184996] ath10k_pci 0000:01:00.0: fwcfg key: tx_desc  val: 2400
Thu Aug 26 18:25:19 2021 kern.warn kernel: [   12.191030] ath10k_pci 0000:01:00.0: fwcfg key: tids  val: 450
Thu Aug 26 18:25:19 2021 kern.warn kernel: [   12.197202] ath10k_pci 0000:01:00.0: fwcfg key: skid_limit  val: 360
Thu Aug 26 18:25:19 2021 kern.warn kernel: [   12.203095] ath10k_pci 0000:01:00.0: fwcfg key: max_amsdus  val: 3
Thu Aug 26 18:25:19 2021 kern.info kernel: [   12.798328] ath10k_pci 0000:01:00.0: qca9984/qca9994 hw1.0 target 0x01000000 chip_id 0x00000000 sub 168c:cafe
Thu Aug 26 18:25:19 2021 kern.info kernel: [   12.798374] ath10k_pci 0000:01:00.0: kconfig debug 0 debugfs 1 tracing 0 dfs 1 testmode 0
Thu Aug 26 18:25:19 2021 kern.info kernel: [   12.810640] ath10k_pci 0000:01:00.0: firmware ver 10.4b-ct-9984-tH-13-5ae337bb1 api 5 features mfp,peer-flow-ctrl,txstatus-noack,wmi-10.x-CT,ratemask-CT,regdump-CT,txrate-CT,flush-all-CT,pingpong-CT,ch-regs-CT,nop-CT,htt-mgt-CT,set-special-CT,no-bmiss-CT,tx-rc-CT,cust-stats-CT,txrate2-CT,beacon-cb-CT,wmi-block-ack-CT,wmi-bcn-rc-CT crc32 6b8ee13f
Thu Aug 26 18:25:19 2021 kern.info kernel: [   15.129943] ath10k_pci 0000:01:00.0: board_file api 2 bmi_id 0:3 crc32 85498734
Thu Aug 26 18:25:19 2021 kern.warn kernel: [   18.531800] ath10k_pci 0000:01:00.0: 10.4 wmi init: vdevs: 8  peers: 180  tid: 450
Thu Aug 26 18:25:19 2021 kern.info kernel: [   18.531844] ath10k_pci 0000:01:00.0: using 7 firmware rate-ctrl objects
Thu Aug 26 18:25:19 2021 kern.warn kernel: [   18.538269] ath10k_pci 0000:01:00.0: msdu-desc: 2400  skid: 360
Thu Aug 26 18:25:19 2021 kern.info kernel: [   18.619695] ath10k_pci 0000:01:00.0: wmi print 'P 180/180 V 8 K 540 PH 556 T 656  msdu-desc: 2400  sw-crypt: 0 ct-sta: 0'
Thu Aug 26 18:25:19 2021 kern.info kernel: [   18.620969] ath10k_pci 0000:01:00.0: wmi print 'free: 7968 iram: 7576 sram: 312'
Thu Aug 26 18:25:19 2021 kern.info kernel: [   18.845480] ath10k_pci 0000:01:00.0: htt-ver 2.2 wmi-op 6 htt-op 4 cal pre-cal-file max-sta 180 raw 0 hwcrypto 1
Thu Aug 26 18:25:19 2021 kern.debug kernel: [   19.040739] ath: EEPROM regdomain sanitized
Thu Aug 26 18:25:19 2021 kern.debug kernel: [   19.040752] ath: EEPROM regdomain: 0x64
Thu Aug 26 18:25:19 2021 kern.debug kernel: [   19.040758] ath: EEPROM indicates we should expect a direct regpair map
Thu Aug 26 18:25:19 2021 kern.debug kernel: [   19.040769] ath: Country alpha2 being used: 00
Thu Aug 26 18:25:19 2021 kern.debug kernel: [   19.040773] ath: Regpair used: 0x64
Thu Aug 26 18:25:19 2021 kern.warn kernel: [   19.768494] ath10k_ahb a000000.wifi: fwcfg key: vdevs  val: 8
Thu Aug 26 18:25:19 2021 kern.warn kernel: [   19.768570] ath10k_ahb a000000.wifi: fwcfg key: peers  val: 147
Thu Aug 26 18:25:19 2021 kern.warn kernel: [   19.773397] ath10k_ahb a000000.wifi: fwcfg key: active_peers  val: 147
Thu Aug 26 18:25:19 2021 kern.warn kernel: [   19.779057] ath10k_ahb a000000.wifi: fwcfg key: stations  val: 147
Thu Aug 26 18:25:19 2021 kern.warn kernel: [   19.785591] ath10k_ahb a000000.wifi: fwcfg key: rate_ctrl_objs  val: 7
Thu Aug 26 18:25:19 2021 kern.warn kernel: [   19.791789] ath10k_ahb a000000.wifi: fwcfg key: nohwcrypt  val: 0
Thu Aug 26 18:25:19 2021 kern.warn kernel: [   19.798240] ath10k_ahb a000000.wifi: fwcfg key: ct_sta_mode  val: 0
Thu Aug 26 18:25:19 2021 kern.warn kernel: [   19.804423] ath10k_ahb a000000.wifi: fwcfg key: tx_desc  val: 2000
Thu Aug 26 18:25:19 2021 kern.warn kernel: [   19.810505] ath10k_ahb a000000.wifi: fwcfg key: tids  val: 450
Thu Aug 26 18:25:19 2021 kern.warn kernel: [   19.816730] ath10k_ahb a000000.wifi: fwcfg key: skid_limit  val: 360
Thu Aug 26 18:25:19 2021 kern.warn kernel: [   19.822565] ath10k_ahb a000000.wifi: fwcfg key: max_amsdus  val: 3
Thu Aug 26 18:25:19 2021 kern.info kernel: [   20.389306] ath10k_ahb a000000.wifi: qca4019 hw1.0 target 0x01000000 chip_id 0x003b00ff sub 0000:0000
Thu Aug 26 18:25:19 2021 kern.info kernel: [   20.389356] ath10k_ahb a000000.wifi: kconfig debug 0 debugfs 1 tracing 0 dfs 1 testmode 0
Thu Aug 26 18:25:19 2021 kern.info kernel: [   20.400555] ath10k_ahb a000000.wifi: firmware ver 10.4b-ct-4019-tH-13-5ae337bb1 api 5 features mfp,peer-flow-ctrl,txstatus-noack,wmi-10.x-CT,ratemask-CT,regdump-CT,txrate-CT,flush-all-CT,pingpong-CT,ch-regs-CT,nop-CT,htt-mgt-CT,set-special-CT,no-bmiss-CT,tx-rc-CT,cust-stats-CT,txrate2-CT,beacon-cb-CT,wmi-block-ack-CT,wmi-bcn-rc-CT crc32 ccaa1586
Thu Aug 26 18:25:19 2021 kern.info kernel: [   20.486524] ath10k_ahb a000000.wifi: board_file api 2 bmi_id 0:20 crc32 e2dfaa91
Thu Aug 26 18:25:19 2021 kern.warn kernel: [   21.702284] ath10k_ahb a000000.wifi: 10.4 wmi init: vdevs: 8  peers: 147  tid: 450
Thu Aug 26 18:25:19 2021 kern.info kernel: [   21.702339] ath10k_ahb a000000.wifi: using 7 firmware rate-ctrl objects
Thu Aug 26 18:25:19 2021 kern.warn kernel: [   21.708764] ath10k_ahb a000000.wifi: msdu-desc: 2000  skid: 360
Thu Aug 26 18:25:19 2021 kern.info kernel: [   21.759577] ath10k_ahb a000000.wifi: wmi print 'P 147/147 V 8 K 441 PH 457 T 623  msdu-desc: 2000  sw-crypt: 0 ct-sta: 0'
Thu Aug 26 18:25:19 2021 kern.info kernel: [   21.761256] ath10k_ahb a000000.wifi: wmi print 'free: 2668 iram: 18808 sram: 5064'
Thu Aug 26 18:25:19 2021 kern.info kernel: [   21.904598] ath10k_ahb a000000.wifi: htt-ver 2.2 wmi-op 6 htt-op 4 cal pre-cal-file max-sta 147 raw 0 hwcrypto 1
Thu Aug 26 18:25:19 2021 kern.debug kernel: [   22.065085] ath: EEPROM regdomain sanitized
Thu Aug 26 18:25:19 2021 kern.debug kernel: [   22.065099] ath: EEPROM regdomain: 0x64
Thu Aug 26 18:25:19 2021 kern.debug kernel: [   22.065103] ath: EEPROM indicates we should expect a direct regpair map
Thu Aug 26 18:25:19 2021 kern.debug kernel: [   22.065116] ath: Country alpha2 being used: 00
Thu Aug 26 18:25:19 2021 kern.debug kernel: [   22.065119] ath: Regpair used: 0x64
Thu Aug 26 18:25:19 2021 kern.info kernel: [   22.075784] openvswitch: Open vSwitch switching datapath
Thu Aug 26 18:25:19 2021 user.info kernel: [   22.081041] kmodloader: done loading kernel modules from /etc/modules.d/*
Thu Aug 26 18:25:19 2021 daemon.notice procd: /etc/init.d/openvswitch: Syntax: /etc/init.d/openvswitch [command]
Thu Aug 26 18:25:19 2021 daemon.notice procd: /etc/init.d/openvswitch:
Thu Aug 26 18:25:19 2021 daemon.notice procd: /etc/init.d/openvswitch: Available commands:
Thu Aug 26 18:25:19 2021 daemon.notice procd: /etc/init.d/openvswitch: 	start           Start the service
Thu Aug 26 18:25:19 2021 daemon.notice procd: /etc/init.d/openvswitch: 	stop            Stop the service
Thu Aug 26 18:25:19 2021 daemon.notice procd: /etc/init.d/openvswitch: 	restart         Restart the service
Thu Aug 26 18:25:19 2021 daemon.notice procd: /etc/init.d/openvswitch: 	reload          Reload configuration files (or restart if service does not implement reload)
Thu Aug 26 18:25:19 2021 daemon.notice procd: /etc/init.d/openvswitch: 	enable          Enable service autostart
Thu Aug 26 18:25:19 2021 daemon.notice procd: /etc/init.d/openvswitch: 	disable         Disable service autostart
Thu Aug 26 18:25:19 2021 daemon.notice procd: /etc/init.d/openvswitch: 	enabled         Check if service is started on boot
Thu Aug 26 18:25:19 2021 daemon.notice procd: /etc/init.d/openvswitch: 	status          Get status information
Thu Aug 26 18:25:19 2021 daemon.notice procd: /etc/init.d/openvswitch:
Thu Aug 26 18:25:21 2021 user.notice dnsmasq: DNS rebinding protection is active, will discard upstream RFC1918 responses!
Thu Aug 26 18:25:21 2021 user.notice dnsmasq: Allowing 127.0.0.0/8 responses
Thu Aug 26 18:25:21 2021 daemon.info dnsmasq[1257]: Connected to system UBus
Thu Aug 26 18:25:21 2021 daemon.info dnsmasq[1257]: started, version 2.84 cachesize 150
Thu Aug 26 18:25:21 2021 daemon.info dnsmasq[1257]: DNS service limited to local subnets
Thu Aug 26 18:25:21 2021 daemon.info dnsmasq[1257]: compile time options: IPv6 GNU-getopt no-DBus UBus no-i18n no-IDN DHCP DHCPv6 no-Lua TFTP conntrack ipset auth cryptohash DNSSEC no-ID loop-detect inotify dumpfile
Thu Aug 26 18:25:21 2021 daemon.info dnsmasq[1257]: UBus support enabled: connected to system bus
Thu Aug 26 18:25:21 2021 daemon.info dnsmasq[1257]: using only locally-known addresses for domain test
Thu Aug 26 18:25:21 2021 daemon.info dnsmasq[1257]: using only locally-known addresses for domain onion
Thu Aug 26 18:25:21 2021 daemon.info dnsmasq[1257]: using only locally-known addresses for domain localhost
Thu Aug 26 18:25:21 2021 daemon.info dnsmasq[1257]: using only locally-known addresses for domain local
Thu Aug 26 18:25:21 2021 daemon.info dnsmasq[1257]: using only locally-known addresses for domain invalid
Thu Aug 26 18:25:21 2021 daemon.info dnsmasq[1257]: using only locally-known addresses for domain bind
Thu Aug 26 18:25:21 2021 daemon.info dnsmasq[1257]: using only locally-known addresses for domain lan
Thu Aug 26 18:25:21 2021 daemon.warn dnsmasq[1257]: no servers found in /tmp/resolv.conf.d/resolv.conf.auto, will retry
Thu Aug 26 18:25:21 2021 daemon.info dnsmasq[1257]: read /etc/hosts - 4 addresses
Thu Aug 26 18:25:21 2021 daemon.info dnsmasq[1257]: read /tmp/hosts/dhcp.cfg01411c - 0 addresses
Thu Aug 26 18:25:26 2021 authpriv.info dropbear[1323]: Not backgrounding
Thu Aug 26 18:25:27 2021 user.notice : Added device handler type: 8021ad
Thu Aug 26 18:25:27 2021 user.notice : Added device handler type: 8021q
Thu Aug 26 18:25:27 2021 user.notice : Added device handler type: macvlan
Thu Aug 26 18:25:27 2021 user.notice : Added device handler type: veth
Thu Aug 26 18:25:27 2021 user.notice : Added device handler type: bridge
Thu Aug 26 18:25:27 2021 user.notice : Added device handler type: Network device
Thu Aug 26 18:25:27 2021 user.notice : Added device handler type: tunnel
Thu Aug 26 18:25:28 2021 daemon.notice wpa_supplicant[1422]: Successfully initialized wpa_supplicant
Thu Aug 26 18:25:29 2021 daemon.notice procd: /etc/rc.d/S50uhttpd: 4+0 records in
Thu Aug 26 18:25:29 2021 daemon.notice procd: /etc/rc.d/S50uhttpd: 4+0 records out
Thu Aug 26 18:25:29 2021 daemon.notice procd: /etc/rc.d/S50usteer: uci: Entry not found
Thu Aug 26 18:25:29 2021 daemon.debug dnsmasq[1257]: listening on lo(#1): 127.0.0.1 port 53
Thu Aug 26 18:25:29 2021 daemon.debug dnsmasq[1257]: listening on lo(#1): ::1 port 53
Thu Aug 26 18:25:29 2021 daemon.notice netifd: Interface 'loopback' is enabled
Thu Aug 26 18:25:29 2021 daemon.notice netifd: Interface 'loopback' is setting up now
Thu Aug 26 18:25:29 2021 daemon.notice netifd: Interface 'loopback' is now up
Thu Aug 26 18:25:29 2021 daemon.notice netifd: Interface 'wan' is enabled
Thu Aug 26 18:25:29 2021 daemon.notice netifd: Interface 'wan6' is enabled
Thu Aug 26 18:25:29 2021 daemon.notice netifd: Network device 'lo' link is up
Thu Aug 26 18:25:29 2021 daemon.notice netifd: Interface 'loopback' has link connectivity
Thu Aug 26 18:25:29 2021 daemon.notice netifd: Network device 'eth0' link is up
Thu Aug 26 18:25:29 2021 daemon.notice netifd: Interface 'wan' has link connectivity
Thu Aug 26 18:25:29 2021 daemon.notice netifd: Interface 'wan' is setting up now
Thu Aug 26 18:25:29 2021 daemon.notice netifd: Interface 'wan6' has link connectivity
Thu Aug 26 18:25:29 2021 daemon.notice netifd: Interface 'wan6' is setting up now
Thu Aug 26 18:25:29 2021 kern.info kernel: [   36.702780] IPv6: ADDRCONF(NETDEV_CHANGE): eth0: link becomes ready
Thu Aug 26 18:25:30 2021 daemon.notice netifd: wan (2076): udhcpc: started, v1.33.0
Thu Aug 26 18:25:30 2021 daemon.err odhcp6c[2059]: Failed to send RS (Address not available)
Thu Aug 26 18:25:30 2021 daemon.notice netifd: wan (2076): udhcpc: sending discover
Thu Aug 26 18:25:30 2021 kern.notice kernel: [   37.134817] UBIFS (ubi0:4): Mounting in unauthenticated mode
Thu Aug 26 18:25:30 2021 kern.notice kernel: [   37.135135] UBIFS (ubi0:4): background thread "ubifs_bgt0_4" started, PID 2193
Thu Aug 26 18:25:30 2021 daemon.notice netifd: wan (2076): udhcpc: sending select for 172.16.226.118
Thu Aug 26 18:25:30 2021 kern.notice kernel: [   37.269425] UBIFS (ubi0:4): recovery needed
Thu Aug 26 18:25:30 2021 daemon.notice netifd: wan (2076): udhcpc: lease of 172.16.226.118 obtained, lease time 600
Thu Aug 26 18:25:30 2021 daemon.err odhcp6c[2059]: Failed to send SOLICIT message to ff02::1:2 (Address not available)
Thu Aug 26 18:25:30 2021 kern.notice kernel: [   37.458850] UBIFS (ubi0:4): recovery completed
Thu Aug 26 18:25:30 2021 kern.notice kernel: [   37.459039] UBIFS (ubi0:4): UBIFS: mounted UBI device 0, volume 4, name "certificates"
Thu Aug 26 18:25:30 2021 kern.notice kernel: [   37.462197] UBIFS (ubi0:4): LEB size: 126976 bytes (124 KiB), min./max. I/O unit sizes: 2048 bytes/2048 bytes
Thu Aug 26 18:25:30 2021 kern.notice kernel: [   37.470181] UBIFS (ubi0:4): FS size: 1142784 bytes (1 MiB, 9 LEBs), journal size 888833 bytes (0 MiB, 5 LEBs)
Thu Aug 26 18:25:30 2021 daemon.debug dnsmasq[1257]: listening on eth0(#2): 172.16.226.118 port 53
Thu Aug 26 18:25:30 2021 daemon.notice netifd: Interface 'wan' is now up
Thu Aug 26 18:25:30 2021 daemon.info dnsmasq[1257]: reading /tmp/resolv.conf.d/resolv.conf.auto
Thu Aug 26 18:25:30 2021 daemon.info dnsmasq[1257]: using only locally-known addresses for domain test
Thu Aug 26 18:25:30 2021 daemon.info dnsmasq[1257]: using only locally-known addresses for domain onion
Thu Aug 26 18:25:30 2021 daemon.info dnsmasq[1257]: using only locally-known addresses for domain localhost
Thu Aug 26 18:25:30 2021 daemon.info dnsmasq[1257]: using only locally-known addresses for domain local
Thu Aug 26 18:25:30 2021 daemon.info dnsmasq[1257]: using only locally-known addresses for domain invalid
Thu Aug 26 18:25:30 2021 daemon.info dnsmasq[1257]: using only locally-known addresses for domain bind
Thu Aug 26 18:25:30 2021 daemon.info dnsmasq[1257]: using only locally-known addresses for domain lan
Thu Aug 26 18:25:30 2021 daemon.info dnsmasq[1257]: using nameserver 8.8.8.8#53
Thu Aug 26 18:25:30 2021 kern.notice kernel: [   37.480177] UBIFS (ubi0:4): reserved for root: 53976 bytes (52 KiB)
Thu Aug 26 18:25:30 2021 kern.notice kernel: [   37.490053] UBIFS (ubi0:4): media format: w5/r0 (latest is w5/r0), UUID C948C371-68AC-4069-B016-2BF6F7709186, small LPT model
Thu Aug 26 18:25:30 2021 daemon.notice procd: /etc/rc.d/S80certificates: mount: mounting ubi1:certificates on /certificates failed: No such device
Thu Aug 26 18:25:30 2021 daemon.err radsecproxy[2127]: No clients configured, nothing to do, exiting
Thu Aug 26 18:25:31 2021 daemon.debug dnsmasq[1257]: listening on eth0(#2): fe80::211:22ff:fe09:801%eth0 port 53
Thu Aug 26 18:25:31 2021 user.notice firewall: Reloading firewall due to ifup of wan (eth0)
Thu Aug 26 18:25:31 2021 daemon.notice dynamic-vlan: connected to ubus
Thu Aug 26 18:25:31 2021 daemon.info ip-collide: no collision detected
Thu Aug 26 18:25:31 2021 daemon.info ieee8021x: connected to ubus
Thu Aug 26 18:25:31 2021 daemon.info ieee8021x: hostapd id -313939918
Thu Aug 26 18:25:31 2021 daemon.info ieee8021x: netifd id 1675984189
Thu Aug 26 18:25:31 2021 daemon.notice ucentral-event: connected to ubus
Thu Aug 26 18:25:31 2021 user.notice ucitrack: Setting up /etc/config/network reload dependency on /etc/config/dhcp
Thu Aug 26 18:25:31 2021 user.notice ucitrack: Setting up /etc/config/wireless reload dependency on /etc/config/network
Thu Aug 26 18:25:32 2021 user.notice ucitrack: Setting up /etc/config/firewall reload dependency on /etc/config/luci-splash
Thu Aug 26 18:25:32 2021 user.notice ucitrack: Setting up /etc/config/firewall reload dependency on /etc/config/qos
Thu Aug 26 18:25:32 2021 user.notice ucitrack: Setting up /etc/config/firewall reload dependency on /etc/config/miniupnpd
Thu Aug 26 18:25:32 2021 user.notice ucitrack: Setting up /etc/config/dhcp reload dependency on /etc/config/odhcpd
Thu Aug 26 18:25:32 2021 user.notice ucitrack: Setting up non-init /etc/config/fstab reload handler: /sbin/block mount
Thu Aug 26 18:25:32 2021 user.notice ucitrack: Setting up /etc/config/system reload trigger for non-procd /etc/init.d/led
Thu Aug 26 18:25:32 2021 user.notice ucitrack: Setting up /etc/config/system reload dependency on /etc/config/luci_statistics
Thu Aug 26 18:25:32 2021 user.notice ucitrack: Setting up /etc/config/system reload dependency on /etc/config/dhcp
Thu Aug 26 18:25:32 2021 daemon.debug dnsmasq[1257]: UBus subscription callback: 1 subscriber(s)
Thu Aug 26 18:25:33 2021 daemon.notice procd: /etc/rc.d/S80umdns: uci: Entry not found
Thu Aug 26 18:25:33 2021 daemon.warn procd: Seccomp support for umdns::instance1 not available
Thu Aug 26 18:25:33 2021 daemon.notice procd: /etc/rc.d/S80umdns: uci: Entry not found
Thu Aug 26 18:25:35 2021 daemon.notice procd: /etc/rc.d/S99firstcontact: rm: can't remove '/tmp/dnsmasq.conf': No such file or directory
Thu Aug 26 18:25:35 2021 daemon.err radsecproxy[3180]: No clients configured, nothing to do, exiting
Thu Sep  9 17:33:43 2021 daemon.notice procd: /etc/rc.d/S99firstcontact: Command failed: Not found
Thu Sep  9 17:33:43 2021 daemon.notice procd: /etc/rc.d/S99firstcontact: Command failed: Not found
Thu Sep  9 17:33:44 2021 daemon.notice procd: /etc/rc.d/S99firstcontact: Command failed: Not found
Thu Sep  9 17:33:45 2021 daemon.info dnsmasq[1257]: exiting on receipt of SIGTERM
Thu Sep  9 17:33:45 2021 user.notice dnsmasq: DNS rebinding protection is active, will discard upstream RFC1918 responses!
Thu Sep  9 17:33:45 2021 user.notice dnsmasq: Allowing 127.0.0.0/8 responses
Thu Sep  9 17:33:45 2021 daemon.info dnsmasq[3678]: Connected to system UBus
Thu Sep  9 17:33:45 2021 daemon.info dnsmasq[3678]: started, version 2.84 cachesize 150
Thu Sep  9 17:33:45 2021 daemon.info dnsmasq[3678]: DNS service limited to local subnets
Thu Sep  9 17:33:45 2021 daemon.info dnsmasq[3678]: compile time options: IPv6 GNU-getopt no-DBus UBus no-i18n no-IDN DHCP DHCPv6 no-Lua TFTP conntrack ipset auth cryptohash DNSSEC no-ID loop-detect inotify dumpfile
Thu Sep  9 17:33:45 2021 daemon.info dnsmasq[3678]: UBus support enabled: connected to system bus
Thu Sep  9 17:33:45 2021 daemon.info dnsmasq[3678]: using only locally-known addresses for domain test
Thu Sep  9 17:33:45 2021 daemon.info dnsmasq[3678]: using only locally-known addresses for domain onion
Thu Sep  9 17:33:45 2021 daemon.info dnsmasq[3678]: using only locally-known addresses for domain localhost
Thu Sep  9 17:33:45 2021 daemon.info dnsmasq[3678]: using only locally-known addresses for domain local
Thu Sep  9 17:33:45 2021 daemon.info dnsmasq[3678]: using only locally-known addresses for domain invalid
Thu Sep  9 17:33:45 2021 daemon.info dnsmasq[3678]: using only locally-known addresses for domain bind
Thu Sep  9 17:33:45 2021 daemon.info dnsmasq[3678]: using only locally-known addresses for domain lan
Thu Sep  9 17:33:45 2021 daemon.info dnsmasq[3678]: reading /tmp/resolv.conf.d/resolv.conf.auto
Thu Sep  9 17:33:45 2021 daemon.info dnsmasq[3678]: using only locally-known addresses for domain test
Thu Sep  9 17:33:45 2021 daemon.info dnsmasq[3678]: using only locally-known addresses for domain onion
Thu Sep  9 17:33:45 2021 daemon.info dnsmasq[3678]: using only locally-known addresses for domain localhost
Thu Sep  9 17:33:45 2021 daemon.info dnsmasq[3678]: using only locally-known addresses for domain local
Thu Sep  9 17:33:45 2021 daemon.info dnsmasq[3678]: using only locally-known addresses for domain invalid
Thu Sep  9 17:33:45 2021 daemon.info dnsmasq[3678]: using only locally-known addresses for domain bind
Thu Sep  9 17:33:45 2021 daemon.info dnsmasq[3678]: using only locally-known addresses for domain lan
Thu Sep  9 17:33:45 2021 daemon.info dnsmasq[3678]: using nameserver 8.8.8.8#53
Thu Sep  9 17:33:45 2021 daemon.info dnsmasq[3678]: read /etc/hosts - 4 addresses
Thu Sep  9 17:33:45 2021 daemon.info dnsmasq[3678]: read /tmp/hosts/dhcp.cfg01411c - 0 addresses
Thu Sep  9 17:33:45 2021 daemon.debug dnsmasq[3678]: UBus subscription callback: 1 subscriber(s)
Thu Sep  9 17:33:47 2021 daemon.info dnsmasq[3678]: exiting on receipt of SIGTERM
Thu Sep  9 17:33:47 2021 user.notice dnsmasq: DNS rebinding protection is active, will discard upstream RFC1918 responses!
Thu Sep  9 17:33:47 2021 user.notice dnsmasq: Allowing 127.0.0.0/8 responses
Thu Sep  9 17:33:47 2021 user.notice dnsmasq: DNS rebinding protection is active, will discard upstream RFC1918 responses!
Thu Sep  9 17:33:47 2021 user.notice dnsmasq: Allowing 127.0.0.0/8 responses
Thu Sep  9 17:33:47 2021 daemon.info dnsmasq[4099]: Connected to system UBus
Thu Sep  9 17:33:47 2021 daemon.info dnsmasq[4099]: started, version 2.84 cachesize 150
Thu Sep  9 17:33:47 2021 daemon.info dnsmasq[4099]: DNS service limited to local subnets
Thu Sep  9 17:33:47 2021 daemon.info dnsmasq[4099]: compile time options: IPv6 GNU-getopt no-DBus UBus no-i18n no-IDN DHCP DHCPv6 no-Lua TFTP conntrack ipset auth cryptohash DNSSEC no-ID loop-detect inotify dumpfile
Thu Sep  9 17:33:47 2021 daemon.info dnsmasq[4099]: UBus support enabled: connected to system bus
Thu Sep  9 17:33:47 2021 daemon.info dnsmasq[4099]: using only locally-known addresses for domain test
Thu Sep  9 17:33:47 2021 daemon.info dnsmasq[4099]: using only locally-known addresses for domain onion
Thu Sep  9 17:33:47 2021 daemon.info dnsmasq[4099]: using only locally-known addresses for domain localhost
Thu Sep  9 17:33:47 2021 daemon.info dnsmasq[4099]: using only locally-known addresses for domain local
Thu Sep  9 17:33:47 2021 daemon.info dnsmasq[4099]: using only locally-known addresses for domain invalid
Thu Sep  9 17:33:47 2021 daemon.info dnsmasq[4099]: using only locally-known addresses for domain bind
Thu Sep  9 17:33:47 2021 daemon.info dnsmasq[4099]: using only locally-known addresses for domain lan
Thu Sep  9 17:33:47 2021 daemon.info dnsmasq[4099]: reading /tmp/resolv.conf.d/resolv.conf.auto
Thu Sep  9 17:33:47 2021 daemon.info dnsmasq[4099]: using only locally-known addresses for domain test
Thu Sep  9 17:33:47 2021 daemon.info dnsmasq[4099]: using only locally-known addresses for domain onion
Thu Sep  9 17:33:47 2021 daemon.info dnsmasq[4099]: using only locally-known addresses for domain localhost
Thu Sep  9 17:33:47 2021 daemon.info dnsmasq[4099]: using only locally-known addresses for domain local
Thu Sep  9 17:33:47 2021 daemon.info dnsmasq[4099]: using only locally-known addresses for domain invalid
Thu Sep  9 17:33:47 2021 daemon.info dnsmasq[4099]: using only locally-known addresses for domain bind
Thu Sep  9 17:33:47 2021 daemon.info dnsmasq[4099]: using only locally-known addresses for domain lan
Thu Sep  9 17:33:47 2021 daemon.info dnsmasq[4099]: using nameserver 8.8.8.8#53
Thu Sep  9 17:33:47 2021 daemon.info dnsmasq[4099]: read /etc/hosts - 4 addresses
Thu Sep  9 17:33:47 2021 daemon.info dnsmasq[4099]: read /tmp/hosts/dhcp.cfg01411c - 0 addresses
Thu Sep  9 17:33:47 2021 daemon.debug dnsmasq[4099]: UBus subscription callback: 1 subscriber(s)
Thu Sep  9 17:33:48 2021 daemon.info dnsmasq[4099]: read /etc/hosts - 4 addresses
Thu Sep  9 17:33:48 2021 daemon.info dnsmasq[4099]: read /tmp/hosts/dhcp.cfg01411c - 0 addresses
Thu Sep  9 17:33:48 2021 daemon.info firstcontact: attempting first contact
Thu Sep  9 17:33:48 2021 daemon.notice procd: /etc/rc.d/S99onlinecheck: uci: Invalid argument
Thu Sep  9 17:33:48 2021 daemon.notice procd: /etc/rc.d/S99rtty: sh: 0: unknown operand
Thu Sep  9 17:33:48 2021 daemon.notice procd: /etc/rc.d/S99rtty: host required
Thu Sep  9 17:33:48 2021 daemon.info procd: Instance onlinecheck::instance1 s in a crash loop 6 crashes, 0 seconds since last crash
Thu Sep  9 17:33:48 2021 daemon.info firstcontact: downloaded first contact data
Thu Sep  9 17:33:49 2021 daemon.info ucentral-event: enabling wifi events
Thu Sep  9 17:33:49 2021 daemon.notice ucentral-event: connected to ubus
Thu Sep  9 17:33:49 2021 daemon.info procd: - init complete -
Thu Sep  9 17:33:49 2021 daemon.info urandom_seed[4524]: Seed saved (/etc/urandom.seed)
Thu Sep  9 17:33:49 2021 daemon.warn netifd: You have delegated IPv6-prefixes but haven't assigned them to any interface. Did you forget to set option ip6assign on your lan-interfaces?
Thu Sep  9 17:33:49 2021 kern.info kernel: [   49.734178] up: port 1(eth0) entered blocking state
Thu Sep  9 17:33:49 2021 kern.info kernel: [   49.734214] up: port 1(eth0) entered disabled state
Thu Sep  9 17:33:49 2021 kern.info kernel: [   49.738412] device eth0 entered promiscuous mode
Thu Sep  9 17:33:49 2021 kern.info kernel: [   49.758375] up: port 1(eth0) entered blocking state
Thu Sep  9 17:33:49 2021 kern.info kernel: [   49.758414] up: port 1(eth0) entered forwarding state
Thu Sep  9 17:33:49 2021 daemon.notice netifd: Interface 'up_none' is enabled
Thu Sep  9 17:33:49 2021 daemon.notice netifd: bridge 'up' link is up
Thu Sep  9 17:33:49 2021 daemon.notice netifd: Interface 'up_none' has link connectivity
Thu Sep  9 17:33:49 2021 daemon.notice netifd: Interface 'up_none' is setting up now
Thu Sep  9 17:33:49 2021 daemon.notice netifd: Interface 'up_none' is now up
Thu Sep  9 17:33:49 2021 daemon.notice netifd: Interface 'up0v0' is enabled
Thu Sep  9 17:33:49 2021 daemon.notice netifd: 8021q 'up0v0' link is up
Thu Sep  9 17:33:49 2021 daemon.notice netifd: Interface 'up0v0' has link connectivity
Thu Sep  9 17:33:49 2021 daemon.notice netifd: Interface 'up0v0' is setting up now
Thu Sep  9 17:33:49 2021 daemon.notice netifd: wan (2076): udhcpc: received SIGTERM
Thu Sep  9 17:33:49 2021 daemon.notice netifd: wan (2076): udhcpc: unicasting a release of 172.16.226.118 to 172.16.0.1
Thu Sep  9 17:33:49 2021 daemon.notice netifd: wan (2076): udhcpc: sending release
Thu Sep  9 17:33:49 2021 daemon.notice netifd: wan (2076): udhcpc: entering released state
Thu Sep  9 17:33:49 2021 daemon.notice netifd: Interface 'wan6' is now down
Thu Sep  9 17:33:49 2021 daemon.notice netifd: Interface 'wan6' has link connectivity loss
Thu Sep  9 17:33:49 2021 daemon.warn dnsmasq[4099]: no servers found in /tmp/resolv.conf.d/resolv.conf.auto, will retry
Thu Sep  9 17:33:49 2021 daemon.info ucentral: applying cfg:1
Thu Sep  9 17:33:49 2021 daemon.info ucentral: config_init latest:1 active:1
Thu Sep  9 17:33:49 2021 daemon.notice netifd: up0v0 (4895): udhcpc: started, v1.33.0
Thu Sep  9 17:33:49 2021 daemon.notice netifd: wan (2076): Command failed: Permission denied
Thu Sep  9 17:33:49 2021 daemon.notice netifd: Interface 'wan' is now down
Thu Sep  9 17:33:49 2021 daemon.notice netifd: Interface 'wan' has link connectivity loss
Thu Sep  9 17:33:49 2021 daemon.debug dnsmasq[4099]: stopped listening on eth0(#2): 172.16.226.118 port 53
Thu Sep  9 17:33:50 2021 daemon.notice netifd: up0v0 (4895): udhcpc: sending discover
Thu Sep  9 17:33:50 2021 daemon.notice netifd: up0v0 (4895): udhcpc: sending select for 172.16.226.118
Thu Sep  9 17:33:50 2021 daemon.notice netifd: up0v0 (4895): udhcpc: lease of 172.16.226.118 obtained, lease time 600
Thu Sep  9 17:33:50 2021 daemon.debug dnsmasq[4099]: listening on up0v0(#17): 172.16.226.118 port 53
Thu Sep  9 17:33:50 2021 daemon.notice netifd: Interface 'up0v0' is now up
Thu Sep  9 17:33:50 2021 daemon.info dnsmasq[4099]: reading /tmp/resolv.conf.d/resolv.conf.auto
Thu Sep  9 17:33:50 2021 daemon.info dnsmasq[4099]: using only locally-known addresses for domain test
Thu Sep  9 17:33:50 2021 daemon.info dnsmasq[4099]: using only locally-known addresses for domain onion
Thu Sep  9 17:33:50 2021 daemon.info dnsmasq[4099]: using only locally-known addresses for domain localhost
Thu Sep  9 17:33:50 2021 daemon.info dnsmasq[4099]: using only locally-known addresses for domain local
Thu Sep  9 17:33:50 2021 daemon.info dnsmasq[4099]: using only locally-known addresses for domain invalid
Thu Sep  9 17:33:50 2021 daemon.info dnsmasq[4099]: using only locally-known addresses for domain bind
Thu Sep  9 17:33:50 2021 daemon.info dnsmasq[4099]: using only locally-known addresses for domain lan
Thu Sep  9 17:33:50 2021 daemon.info dnsmasq[4099]: using nameserver 8.8.8.8#53
Thu Sep  9 17:33:50 2021 daemon.info ip-collide: no collision detected
Thu Sep  9 17:33:50 2021 kern.debug kernel: [   50.495203] ath: EEPROM regdomain: 0x807c
Thu Sep  9 17:33:50 2021 kern.debug kernel: [   50.495216] ath: EEPROM indicates we should expect a country code
Thu Sep  9 17:33:50 2021 kern.debug kernel: [   50.495221] ath: doing EEPROM country->regdmn map search
Thu Sep  9 17:33:50 2021 kern.debug kernel: [   50.495226] ath: country maps to regdmn code: 0x3a
Thu Sep  9 17:33:50 2021 kern.debug kernel: [   50.495231] ath: Country alpha2 being used: CA
Thu Sep  9 17:33:50 2021 kern.debug kernel: [   50.495235] ath: Regpair used: 0x3a
Thu Sep  9 17:33:50 2021 kern.debug kernel: [   50.495244] ath: regdomain 0x807c dynamically updated by user
Thu Sep  9 17:33:50 2021 kern.debug kernel: [   50.495292] ath: EEPROM regdomain: 0x807c
Thu Sep  9 17:33:50 2021 kern.debug kernel: [   50.495296] ath: EEPROM indicates we should expect a country code
Thu Sep  9 17:33:50 2021 kern.debug kernel: [   50.495299] ath: doing EEPROM country->regdmn map search
Thu Sep  9 17:33:50 2021 kern.debug kernel: [   50.495304] ath: country maps to regdmn code: 0x3a
Thu Sep  9 17:33:50 2021 kern.debug kernel: [   50.495307] ath: Country alpha2 being used: CA
Thu Sep  9 17:33:50 2021 kern.debug kernel: [   50.495311] ath: Regpair used: 0x3a
Thu Sep  9 17:33:50 2021 kern.debug kernel: [   50.495316] ath: regdomain 0x807c dynamically updated by user
Thu Sep  9 17:33:50 2021 daemon.info dnsmasq[4099]: exiting on receipt of SIGTERM
Thu Sep  9 17:33:50 2021 kern.info kernel: [   50.809388] IPv6: ADDRCONF(NETDEV_CHANGE): up: link becomes ready
Thu Sep  9 17:33:50 2021 user.notice firewall: Reloading firewall due to ifup of up0v0 (up0v0)
Thu Sep  9 17:33:50 2021 daemon.info dnsmasq[5205]: Connected to system UBus
Thu Sep  9 17:33:50 2021 daemon.info dnsmasq[5205]: started, version 2.84 cachesize 150
Thu Sep  9 17:33:50 2021 daemon.info dnsmasq[5205]: DNS service limited to local subnets
Thu Sep  9 17:33:50 2021 daemon.info dnsmasq[5205]: compile time options: IPv6 GNU-getopt no-DBus UBus no-i18n no-IDN DHCP DHCPv6 no-Lua TFTP conntrack ipset auth cryptohash DNSSEC no-ID loop-detect inotify dumpfile
Thu Sep  9 17:33:50 2021 daemon.info dnsmasq[5205]: UBus support enabled: connected to system bus
Thu Sep  9 17:33:50 2021 daemon.info dnsmasq[5205]: using only locally-known addresses for domain test
Thu Sep  9 17:33:50 2021 daemon.info dnsmasq[5205]: using only locally-known addresses for domain onion
Thu Sep  9 17:33:50 2021 daemon.info dnsmasq[5205]: using only locally-known addresses for domain localhost
Thu Sep  9 17:33:50 2021 daemon.info dnsmasq[5205]: using only locally-known addresses for domain local
Thu Sep  9 17:33:50 2021 daemon.info dnsmasq[5205]: using only locally-known addresses for domain invalid
Thu Sep  9 17:33:50 2021 daemon.info dnsmasq[5205]: using only locally-known addresses for domain bind
Thu Sep  9 17:33:50 2021 daemon.info dnsmasq[5205]: using only locally-known addresses for domain lan
Thu Sep  9 17:33:50 2021 daemon.info dnsmasq[5205]: reading /tmp/resolv.conf.d/resolv.conf.auto
Thu Sep  9 17:33:50 2021 daemon.info dnsmasq[5205]: using only locally-known addresses for domain test
Thu Sep  9 17:33:50 2021 daemon.info dnsmasq[5205]: using only locally-known addresses for domain onion
Thu Sep  9 17:33:50 2021 daemon.info dnsmasq[5205]: using only locally-known addresses for domain localhost
Thu Sep  9 17:33:50 2021 daemon.info dnsmasq[5205]: using only locally-known addresses for domain local
Thu Sep  9 17:33:50 2021 daemon.info dnsmasq[5205]: using only locally-known addresses for domain invalid
Thu Sep  9 17:33:50 2021 daemon.info dnsmasq[5205]: using only locally-known addresses for domain bind
Thu Sep  9 17:33:50 2021 daemon.info dnsmasq[5205]: using only locally-known addresses for domain lan
Thu Sep  9 17:33:50 2021 daemon.info dnsmasq[5205]: using nameserver 8.8.8.8#53
Thu Sep  9 17:33:50 2021 daemon.info dnsmasq[5205]: read /etc/hosts - 4 addresses
Thu Sep  9 17:33:50 2021 daemon.info dnsmasq[5205]: read /tmp/hosts/dhcp.cfg01411c - 0 addresses
Thu Sep  9 17:33:50 2021 daemon.debug dnsmasq[5205]: UBus subscription callback: 1 subscriber(s)
Thu Sep  9 17:33:50 2021 daemon.info dnsmasq[5205]: read /etc/hosts - 4 addresses
Thu Sep  9 17:33:50 2021 daemon.info dnsmasq[5205]: read /tmp/hosts/dhcp.cfg01411c - 0 addresses
Thu Sep  9 17:33:50 2021 daemon.info ip-collide: no collision detected
Thu Sep  9 17:33:52 2021 daemon.info ucentral: running apply task
Thu Sep  9 17:33:52 2021 kern.warn kernel: [   53.145990] ath10k_ahb a000000.wifi: 10.4 wmi init: vdevs: 8  peers: 147  tid: 450
Thu Sep  9 17:33:52 2021 kern.info kernel: [   53.146035] ath10k_ahb a000000.wifi: using 7 firmware rate-ctrl objects
Thu Sep  9 17:33:52 2021 kern.warn kernel: [   53.152527] ath10k_ahb a000000.wifi: msdu-desc: 2000  skid: 360
Thu Sep  9 17:33:53 2021 kern.info kernel: [   53.202943] ath10k_ahb a000000.wifi: wmi print 'P 147/147 V 8 K 441 PH 457 T 623  msdu-desc: 2000  sw-crypt: 0 ct-sta: 0'
Thu Sep  9 17:33:53 2021 kern.info kernel: [   53.204472] ath10k_ahb a000000.wifi: wmi print 'free: 2668 iram: 18808 sram: 5064'
Thu Sep  9 17:33:53 2021 kern.info kernel: [   53.525545] ath10k_ahb a000000.wifi: rts threshold -1
Thu Sep  9 17:33:53 2021 kern.warn kernel: [   53.526803] ath10k_ahb a000000.wifi: Firmware lacks feature flag indicating a retry limit of > 2 is OK, requested limit: 4
Thu Sep  9 17:33:53 2021 daemon.debug dnsmasq[5205]: listening on up0v0(#17): fe80::211:22ff:fe09:801%up0v0 port 53
Thu Sep  9 17:33:53 2021 daemon.debug dnsmasq[5205]: listening on up(#16): fe80::211:22ff:fe09:801%up port 53
Thu Sep  9 17:33:53 2021 daemon.notice netifd: radio1 (4821): sh: out of range
Thu Sep  9 17:33:53 2021 daemon.notice netifd: Interface 'up1v0' is enabled
Thu Sep  9 17:33:53 2021 kern.info kernel: [   53.913256] ath10k_ahb a000000.wifi: NOTE:  Firmware DBGLOG output disabled in debug_mask: 0x10000000
Thu Sep  9 17:33:56 2021 daemon.info dnsmasq[5205]: exiting on receipt of SIGTERM
Thu Sep  9 17:33:56 2021 user.notice dnsmasq: DNS rebinding protection is active, will discard upstream RFC1918 responses!
Thu Sep  9 17:33:56 2021 user.notice dnsmasq: Allowing 127.0.0.0/8 responses
Thu Sep  9 17:33:57 2021 daemon.info dnsmasq[6163]: Connected to system UBus
Thu Sep  9 17:33:57 2021 daemon.info dnsmasq[6163]: started, version 2.84 cachesize 150
Thu Sep  9 17:33:57 2021 daemon.info dnsmasq[6163]: DNS service limited to local subnets
Thu Sep  9 17:33:57 2021 daemon.info dnsmasq[6163]: compile time options: IPv6 GNU-getopt no-DBus UBus no-i18n no-IDN DHCP DHCPv6 no-Lua TFTP conntrack ipset auth cryptohash DNSSEC no-ID loop-detect inotify dumpfile
Thu Sep  9 17:33:57 2021 daemon.info dnsmasq[6163]: UBus support enabled: connected to system bus
Thu Sep  9 17:33:57 2021 daemon.info dnsmasq[6163]: using only locally-known addresses for domain test
Thu Sep  9 17:33:57 2021 daemon.info dnsmasq[6163]: using only locally-known addresses for domain onion
Thu Sep  9 17:33:57 2021 daemon.info dnsmasq[6163]: using only locally-known addresses for domain localhost
Thu Sep  9 17:33:57 2021 daemon.info dnsmasq[6163]: using only locally-known addresses for domain local
Thu Sep  9 17:33:57 2021 daemon.info dnsmasq[6163]: using only locally-known addresses for domain invalid
Thu Sep  9 17:33:57 2021 daemon.info dnsmasq[6163]: using only locally-known addresses for domain bind
Thu Sep  9 17:33:57 2021 daemon.info dnsmasq[6163]: using only locally-known addresses for domain lan
Thu Sep  9 17:33:57 2021 daemon.info dnsmasq[6163]: reading /tmp/resolv.conf.d/resolv.conf.auto
Thu Sep  9 17:33:57 2021 daemon.info dnsmasq[6163]: using only locally-known addresses for domain test
Thu Sep  9 17:33:57 2021 daemon.info dnsmasq[6163]: using only locally-known addresses for domain onion
Thu Sep  9 17:33:57 2021 daemon.info dnsmasq[6163]: using only locally-known addresses for domain localhost
Thu Sep  9 17:33:57 2021 daemon.info dnsmasq[6163]: using only locally-known addresses for domain local
Thu Sep  9 17:33:57 2021 daemon.info dnsmasq[6163]: using only locally-known addresses for domain invalid
Thu Sep  9 17:33:57 2021 daemon.info dnsmasq[6163]: using only locally-known addresses for domain bind
Thu Sep  9 17:33:57 2021 daemon.info dnsmasq[6163]: using only locally-known addresses for domain lan
Thu Sep  9 17:33:57 2021 daemon.info dnsmasq[6163]: using nameserver 8.8.8.8#53
Thu Sep  9 17:33:57 2021 daemon.info dnsmasq[6163]: read /etc/hosts - 4 addresses
Thu Sep  9 17:33:57 2021 daemon.info dnsmasq[6163]: read /tmp/hosts/dhcp.cfg01411c - 0 addresses
Thu Sep  9 17:33:57 2021 daemon.debug dnsmasq[6163]: UBus subscription callback: 1 subscriber(s)
Thu Sep  9 17:33:58 2021 daemon.info dnsmasq[6163]: exiting on receipt of SIGTERM
Thu Sep  9 17:33:58 2021 user.notice dnsmasq: DNS rebinding protection is active, will discard upstream RFC1918 responses!
Thu Sep  9 17:33:58 2021 user.notice dnsmasq: Allowing 127.0.0.0/8 responses
Thu Sep  9 17:33:58 2021 daemon.info dnsmasq[6471]: Connected to system UBus
Thu Sep  9 17:33:58 2021 daemon.info dnsmasq[6471]: started, version 2.84 cachesize 150
Thu Sep  9 17:33:58 2021 daemon.info dnsmasq[6471]: DNS service limited to local subnets
Thu Sep  9 17:33:58 2021 daemon.info dnsmasq[6471]: compile time options: IPv6 GNU-getopt no-DBus UBus no-i18n no-IDN DHCP DHCPv6 no-Lua TFTP conntrack ipset auth cryptohash DNSSEC no-ID loop-detect inotify dumpfile
Thu Sep  9 17:33:58 2021 daemon.info dnsmasq[6471]: UBus support enabled: connected to system bus
Thu Sep  9 17:33:58 2021 daemon.info dnsmasq[6471]: using only locally-known addresses for domain test
Thu Sep  9 17:33:58 2021 daemon.info dnsmasq[6471]: using only locally-known addresses for domain onion
Thu Sep  9 17:33:58 2021 daemon.info dnsmasq[6471]: using only locally-known addresses for domain localhost
Thu Sep  9 17:33:58 2021 daemon.info dnsmasq[6471]: using only locally-known addresses for domain local
Thu Sep  9 17:33:58 2021 daemon.info dnsmasq[6471]: using only locally-known addresses for domain invalid
Thu Sep  9 17:33:58 2021 daemon.info dnsmasq[6471]: using only locally-known addresses for domain bind
Thu Sep  9 17:33:58 2021 daemon.info dnsmasq[6471]: using only locally-known addresses for domain lan
Thu Sep  9 17:33:58 2021 daemon.info dnsmasq[6471]: reading /tmp/resolv.conf.d/resolv.conf.auto
Thu Sep  9 17:33:58 2021 daemon.info dnsmasq[6471]: using only locally-known addresses for domain test
Thu Sep  9 17:33:58 2021 daemon.info dnsmasq[6471]: using only locally-known addresses for domain onion
Thu Sep  9 17:33:58 2021 daemon.info dnsmasq[6471]: using only locally-known addresses for domain localhost
Thu Sep  9 17:33:58 2021 daemon.info dnsmasq[6471]: using only locally-known addresses for domain local
Thu Sep  9 17:33:58 2021 daemon.info dnsmasq[6471]: using only locally-known addresses for domain invalid
Thu Sep  9 17:33:58 2021 daemon.info dnsmasq[6471]: using only locally-known addresses for domain bind
Thu Sep  9 17:33:58 2021 daemon.info dnsmasq[6471]: using only locally-known addresses for domain lan
Thu Sep  9 17:33:58 2021 daemon.info dnsmasq[6471]: using nameserver 8.8.8.8#53
Thu Sep  9 17:33:58 2021 daemon.info dnsmasq[6471]: read /etc/hosts - 4 addresses
Thu Sep  9 17:33:58 2021 daemon.info dnsmasq[6471]: read /tmp/hosts/dhcp.cfg01411c - 0 addresses
Thu Sep  9 17:33:58 2021 daemon.debug dnsmasq[6471]: UBus subscription callback: 1 subscriber(s)
Thu Sep  9 17:33:58 2021 daemon.info ucentral: applied cfg:1
Thu Sep  9 17:34:11 2021 auth.info login[6495]: root login on 'ttyMSM0'
Thu Sep  9 17:34:22 2021 daemon.err ucentral: connection error: closed before established
Thu Sep  9 17:34:22 2021 daemon.info ucentral: connection closed
Thu Sep  9 17:34:22 2021 daemon.info ucentral: next reconnect in 0s

